Microchip MPLAB XC8 Compiler V2.32

Linker command line:

-W-3 --edf=E:\MPLAB\pic\dat\en_msgs.txt -cn \
  -h+dist/default/production\Tacometro.X.production.sym \
  --cmf=dist/default/production\Tacometro.X.production.cmf -z -Q18F4550 \
  -oC:\Users\Vland\AppData\Local\Temp\xcAsc24.4 --defsym=__MPLAB_BUILD=1 \
  -Mdist/default/production/Tacometro.X.production.map -E1 \
  -ver=XC8 Compiler --acfsm=1493 -ASTACK=016Fh-07FFh -pstack=STACK \
  -ACODE=00h-07FFFh -ACONST=00h-07FFFh -ASMALLCONST=0800h-08FFhx120 \
  -AMEDIUMCONST=0800h-07FFFh -ACOMRAM=01h-05Fh -AABS1=00h-07FFh \
  -ABIGRAM=01h-07FFh -ARAM=060h-0FFh,0100h-01FFhx7 -ABANK0=060h-0FFh \
  -ABANK1=0100h-01FFh -ABANK2=0200h-02FFh -ABANK3=0300h-03FFh \
  -ABANK4=0400h-04FFh -ABANK5=0500h-05FFh -ABANK6=0600h-06FFh \
  -ABANK7=0700h-07FFh -ASFR=0F60h-0FFFh -ACONFIG=0300000h-030000Dh \
  -AIDLOC=0200000h-0200007h -AEEDATA=0F00000h-0F000FFh -peeprom_data=EEDATA \
  -preset_vec=00h,intcode=08h,intcodelo,powerup,init -pramtop=0800h \
  -psmallconst=SMALLCONST -pmediumconst=MEDIUMCONST -pconst=CONST \
  -AFARRAM=00h-00h \
  -prdata=COMRAM,nvrram=COMRAM,nvbit=COMRAM,rbss=COMRAM,rbit=COMRAM \
  -pfarbss=FARRAM,fardata=FARRAM,nvFARRAM=FARRAM \
  -pintsave_regs=BIGRAM,bigbss=BIGRAM,bigdata=BIGRAM -pbss=RAM \
  -pidata=CODE,irdata=CODE,ibigdata=CODE,ifardata=CODE -prparam=COMRAM \
  C:\Users\Vland\AppData\Local\Temp\xcAsc24.o \
  dist/default/production\Tacometro.X.production.o 

Object code version is 3.11

Machine type is 18F4550



                Name                               Link     Load   Length Selector   Space Scale
C:\Users\Vland\AppData\Local\Temp\xcAsc24.o
                idloc                            200000   200000        8        0       5
                config                           300000   300000        E        0       4
                init                                  E        E        4        4       0
                reset_vec                             0        0        4        0       0
dist/default/production\Tacometro.X.production.o
                intcode                               8        8        6        4       0
                idloc                            200000   200000        8        0       5
                config                           300000   300000        E        0       4
                temp                                 4E       4E        1        1       1
                smallconst                          800      800       22      400       0
                text41                             1942     1942      4C0      411       0
                intcode_body                       3C9A     3C9A       4A      411       0
                text39                             3F08     3F08       16      411       0
                text38                             3E80     3E80       30      411       0
                text37                             387A     387A       A4      411       0
                text36                             3C4A     3C4A       50      411       0
                text35                             3ED6     3ED6       1C      411       0
                text34                             2C4C     2C4C      1B4      411       0
                text33                             3BFA     3BFA       50      411       0
                text32                             3EF2     3EF2       16      411       0
                text31                             391E     391E       A2      411       0
                text30                             269A     269A      39C      411       0
                text29                             2270     2270      42A      411       0
                text28                             30EE     30EE      108      411       0
                text27                             39C0     39C0       76      411       0
                text26                             3EB0     3EB0       26      411       0
                text25                             3DE0     3DE0       38      411       0
                text24                             3BA8     3BA8       52      411       0
                text23                             2E00     2E00      190      411       0
                text22                             359A     359A       C4      411       0
                text21                             3720     3720       B0      411       0
                text20                             37D0     37D0       AA      411       0
                text19                             31F6     31F6      106      411       0
                text18                             3DA8     3DA8       38      411       0
                text17                             1482     1482      4C0      411       0
                text16                             3CE4     3CE4       48      411       0
                text15                             32FC     32FC       FE      411       0
                text14                             2A36     2A36      216      411       0
                text13                             3F1E     3F1E        2      411       0
                text12                             34D0     34D0       CA      411       0
                text11                             3D2C     3D2C       44      411       0
                text10                             3E18     3E18       36      411       0
                text9                              365E     365E       C2      411       0
                text8                              3AF8     3AF8       5C      411       0
                text7                              3D70     3D70       38      411       0
                text6                              3A98     3A98       60      411       0
                text5                               822      822      C60      411       0
                text4                              33FA     33FA       D6      411       0
                text3                              1E02     1E02      46E      411       0
                text2                              3A36     3A36       62      411       0
                text1                              3B54     3B54       54      411       0
                text0                              2F90     2F90      15E      411       0
                cstackCOMRAM                          1        1       3F        1       1
                cstackBANK0                          60       60       91       60       1
                cstackBANK1                         15F      15F       10      100       1
                bssBANK1                            100      100       5F      100       1
                bssBANK0                             F1       F1        E       60       1
                bssCOMRAM                            40       40        E        1       1
                cinit                              3E4E     3E4E       32      411       0

TOTAL           Name                               Link     Load   Length     Space
        CLASS   STACK          

        CLASS   CODE           
                intcode                               8        8        6         0
                init                                  E        E        4         0
                reset_vec                             0        0        4         0
                text41                             1942     1942      4C0         0
                intcode_body                       3C9A     3C9A       4A         0
                text39                             3F08     3F08       16         0
                text38                             3E80     3E80       30         0
                text37                             387A     387A       A4         0
                text36                             3C4A     3C4A       50         0
                text35                             3ED6     3ED6       1C         0
                text34                             2C4C     2C4C      1B4         0
                text33                             3BFA     3BFA       50         0
                text32                             3EF2     3EF2       16         0
                text31                             391E     391E       A2         0
                text30                             269A     269A      39C         0
                text29                             2270     2270      42A         0
                text28                             30EE     30EE      108         0
                text27                             39C0     39C0       76         0
                text26                             3EB0     3EB0       26         0
                text25                             3DE0     3DE0       38         0
                text24                             3BA8     3BA8       52         0
                text23                             2E00     2E00      190         0
                text22                             359A     359A       C4         0
                text21                             3720     3720       B0         0
                text20                             37D0     37D0       AA         0
                text19                             31F6     31F6      106         0
                text18                             3DA8     3DA8       38         0
                text17                             1482     1482      4C0         0
                text16                             3CE4     3CE4       48         0
                text15                             32FC     32FC       FE         0
                text14                             2A36     2A36      216         0
                text13                             3F1E     3F1E        2         0
                text12                             34D0     34D0       CA         0
                text11                             3D2C     3D2C       44         0
                text10                             3E18     3E18       36         0
                text9                              365E     365E       C2         0
                text8                              3AF8     3AF8       5C         0
                text7                              3D70     3D70       38         0
                text6                              3A98     3A98       60         0
                text5                               822      822      C60         0
                text4                              33FA     33FA       D6         0
                text3                              1E02     1E02      46E         0
                text2                              3A36     3A36       62         0
                text1                              3B54     3B54       54         0
                text0                              2F90     2F90      15E         0
                cinit                              3E4E     3E4E       32         0

        CLASS   CONST          

        CLASS   SMALLCONST     
                smallconst                          800      800       22         0

        CLASS   MEDIUMCONST    

        CLASS   COMRAM         
                temp                                 4E       4E        1         1
                cstackCOMRAM                          1        1       3F         1
                bssCOMRAM                            40       40        E         1

        CLASS   ABS1           

        CLASS   BIGRAM         

        CLASS   RAM            

        CLASS   BANK0          
                cstackBANK0                          60       60       91         1
                bssBANK0                             F1       F1        E         1

        CLASS   BANK1          
                cstackBANK1                         15F      15F       10         1
                bssBANK1                            100      100       5F         1

        CLASS   BANK2          

        CLASS   BANK3          

        CLASS   BANK4          

        CLASS   BANK5          

        CLASS   BANK6          

        CLASS   BANK7          

        CLASS   SFR            

        CLASS   CONFIG         
                config                           300000   300000        E         4

        CLASS   IDLOC          
                idloc                            200000   200000        8         5

        CLASS   EEDATA         

        CLASS   FARRAM         



SEGMENTS        Name                           Load    Length   Top    Selector   Space  Class

                reset_vec                      000000  000004  000004         0       0  CODE    
                cstackCOMRAM                   000001  00004E  00004F         1       1  COMRAM  
                intcode                        000008  00000A  000012         4       0  CODE    
                cstackBANK0                    000060  00009F  0000FF        60       1  BANK0   
                bssBANK1                       000100  00006F  00016F       100       1  BANK1   
                smallconst                     000800  000022  000822       400       0  SMALLCON
                text5                          000822  0036FE  003F20       411       0  CODE    


UNUSED ADDRESS RANGES

        Name                Unused          Largest block    Delta
        BANK0            0000FF-0000FF                1
        BANK1            00016F-0001FF               91
        BANK2            000200-0002FF              100
        BANK3            000300-0003FF              100
        BANK4            000400-0004FF              100
        BANK5            000500-0005FF              100
        BANK6            000600-0006FF              100
        BANK7            000700-0007FF              100
        BIGRAM           00004F-00005F               11
                         0000FF-0000FF                1
                         00016F-0007FF              691
        CODE             000004-000007                4
                         000012-0007FF              7EE
                         003F20-007FFF             40E0
        COMRAM           00004F-00005F               11
        CONST            000004-000007                4
                         000012-0007FF              7EE
                         003F20-007FFF             40E0
        EEDATA           F00000-F000FF              100
        MEDIUMCONST      003F20-007FFF             40E0
        RAM              0000FF-0000FF                1
                         00016F-0007FF              100
        SFR              000F60-000FFF               A0
        SMALLCONST       003F20-007FFF              100
        STACK            00016F-0007FF              691

                                  Symbol Table

?___awdiv                      cstackCOMRAM 000011
?___awmod                      cstackCOMRAM 000011
?___fladd                      cstackCOMRAM 000011
?___fldiv                      cstackBANK0  000060
?___flmul                      cstackCOMRAM 000025
?___flneg                      cstackCOMRAM 000011
?___flsub                      cstackBANK0  000060
?___fltol                      cstackBANK0  000079
?___fpclassifyf                cstackCOMRAM 000011
?___lldiv                      cstackCOMRAM 000011
?___wmul                       cstackCOMRAM 000011
?___xxtofl                     cstackCOMRAM 000011
?_analogic_read                cstackCOMRAM 00001F
?_atoi                         cstackCOMRAM 000018
?_efgtoa                       cstackBANK0  00008D
?_floorf                       cstackBANK0  000079
?_isdigit                      cstackCOMRAM 000011
?_isspace                      cstackCOMRAM 000011
?_isupper                      cstackCOMRAM 000011
?_pad                          cstackCOMRAM 000021
?_sprintf                      cstackBANK1  00015F
?_strlen                       cstackCOMRAM 000011
?_strncmp                      cstackCOMRAM 000011
?_tolower                      cstackCOMRAM 000017
?_vfpfcnvrt                    cstackBANK0  0000D1
?_vfprintf                     cstackBANK0  0000E7
?i2___fladd                    cstackCOMRAM 000001
USART_PutChar@Ch               cstackCOMRAM 000011
USART_PutString@str            cstackCOMRAM 000012
USART_init@baudrate            cstackCOMRAM 00001E
_ADCON0                        (abs)        000FC2
_ADCON0bits                    (abs)        000FC2
_ADCON1                        (abs)        000FC1
_ADCON1bits                    (abs)        000FC1
_ADCON2bits                    (abs)        000FC0
_ADRES                         (abs)        000FC3
_CCP1CON                       (abs)        000FBD
_CCP2CON                       (abs)        000FBA
_CCPR1L                        (abs)        000FBE
_CCPR2L                        (abs)        000FBB
_INTCON2bits                   (abs)        000FF1
_INTCON3bits                   (abs)        000FF0
_INTCONbits                    (abs)        000FF2
_ISR                           intcode      000008
_PIE1bits                      (abs)        000F9D
_PR2                           (abs)        000FCB
_RCSTAbits                     (abs)        000FAB
_RPM                           bssBANK0     0000F1
_SPBRG                         (abs)        000FAF
_T2CON                         (abs)        000FCA
_T2CONbits                     (abs)        000FCA
_TMR2                          (abs)        000FCC
_TRISAbits                     (abs)        000F92
_TRISBbits                     (abs)        000F93
_TRISC                         (abs)        000F94
_TXREG                         (abs)        000FAD
_TXSTAbits                     (abs)        000FAC
_USART_PutChar                 text39       003F08
_USART_PutString               text38       003E80
_USART_init                    text36       003C4A
__HRAM                         (abs)        000000
__Habs1                        abs1         000000
__Hbank0                       bank0        000000
__Hbank1                       bank1        000000
__Hbank2                       bank2        000000
__Hbank3                       bank3        000000
__Hbank4                       bank4        000000
__Hbank5                       bank5        000000
__Hbank6                       bank6        000000
__Hbank7                       bank7        000000
__Hbigbss                      bigbss       000000
__Hbigdata                     bigdata      000000
__Hbigram                      bigram       000000
__Hbss                         bss          000000
__HbssBANK0                    bssBANK0     000000
__HbssBANK1                    bssBANK1     000000
__HbssCOMRAM                   bssCOMRAM    000000
__Hcinit                       cinit        000000
__Hclrtext                     clrtext      000000
__Hcomram                      comram       000000
__Hconfig                      config       30000E
__Hconst                       const        000000
__HcstackBANK0                 cstackBANK0  000000
__HcstackBANK1                 cstackBANK1  000000
__HcstackCOMRAM                cstackCOMRAM 000000
__Hdata                        data         000000
__Heeprom_data                 eeprom_data  000000
__Hfarbss                      farbss       000000
__Hfardata                     fardata      000000
__Hibigdata                    ibigdata     000000
__Hidata                       idata        000000
__Hidloc                       idloc        200008
__Hifardata                    ifardata     000000
__Hinit                        init         000012
__Hintcode                     intcode      00000E
__Hintcode_body                intcode_body 000000
__Hintcodelo                   intcodelo    00000E
__Hintentry                    intentry     000000
__Hintret                      intret       000000
__Hintsave_regs                intsave_regs 000000
__Hirdata                      irdata       000000
__Hmediumconst                 mediumconst  000000
__HnvFARRAM                    nvFARRAM     000000
__Hnvbit                       nvbit        000000
__Hnvrram                      nvrram       000000
__Hparam                       rparam       000000
__Hpowerup                     powerup      00000E
__Hram                         ram          000000
__Hramtop                      ramtop       000800
__Hrbit                        rbit         000000
__Hrbss                        rbss         000000
__Hrdata                       rdata        000000
__Hreset_vec                   reset_vec    000004
__Hrparam                      rparam       000000
__Hsfr                         sfr          000000
__Hsmallconst                  smallconst   000822
__Hspace_0                     (abs)        003F20
__Hspace_1                     (abs)        00016F
__Hspace_2                     (abs)        000000
__Hspace_4                     (abs)        60000E
__Hstack                       stack        000000
__Hstruct                      struct       000000
__Htemp                        temp         00004F
__Htext                        text         000000
__Htext0                       text0        000000
__Htext1                       text1        000000
__Htext10                      text10       000000
__Htext11                      text11       000000
__Htext12                      text12       000000
__Htext13                      text13       000000
__Htext14                      text14       000000
__Htext15                      text15       000000
__Htext16                      text16       000000
__Htext17                      text17       000000
__Htext18                      text18       000000
__Htext19                      text19       000000
__Htext2                       text2        000000
__Htext20                      text20       000000
__Htext21                      text21       000000
__Htext22                      text22       000000
__Htext23                      text23       000000
__Htext24                      text24       000000
__Htext25                      text25       000000
__Htext26                      text26       000000
__Htext27                      text27       000000
__Htext28                      text28       000000
__Htext29                      text29       000000
__Htext3                       text3        000000
__Htext30                      text30       000000
__Htext31                      text31       000000
__Htext32                      text32       000000
__Htext33                      text33       000000
__Htext34                      text34       000000
__Htext35                      text35       000000
__Htext36                      text36       000000
__Htext37                      text37       000000
__Htext38                      text38       000000
__Htext39                      text39       000000
__Htext4                       text4        000000
__Htext41                      text41       000000
__Htext5                       text5        000000
__Htext6                       text6        000000
__Htext7                       text7        000000
__Htext8                       text8        000000
__Htext9                       text9        000000
__LRAM                         (abs)        000001
__Labs1                        abs1         000000
__Lbank0                       bank0        000000
__Lbank1                       bank1        000000
__Lbank2                       bank2        000000
__Lbank3                       bank3        000000
__Lbank4                       bank4        000000
__Lbank5                       bank5        000000
__Lbank6                       bank6        000000
__Lbank7                       bank7        000000
__Lbigbss                      bigbss       000000
__Lbigdata                     bigdata      000000
__Lbigram                      bigram       000000
__Lbss                         bss          000000
__LbssBANK0                    bssBANK0     000000
__LbssBANK1                    bssBANK1     000000
__LbssCOMRAM                   bssCOMRAM    000000
__Lcinit                       cinit        000000
__Lclrtext                     clrtext      000000
__Lcomram                      comram       000000
__Lconfig                      config       000000
__Lconst                       const        000000
__LcstackBANK0                 cstackBANK0  000000
__LcstackBANK1                 cstackBANK1  000000
__LcstackCOMRAM                cstackCOMRAM 000000
__Ldata                        data         000000
__Leeprom_data                 eeprom_data  000000
__Lfarbss                      farbss       000000
__Lfardata                     fardata      000000
__Libigdata                    ibigdata     000000
__Lidata                       idata        000000
__Lidloc                       idloc        000000
__Lifardata                    ifardata     000000
__Linit                        init         00000E
__Lintcode                     intcode      000008
__Lintcode_body                intcode_body 000000
__Lintcodelo                   intcodelo    00000E
__Lintentry                    intentry     000000
__Lintret                      intret       000000
__Lintsave_regs                intsave_regs 000000
__Lirdata                      irdata       000000
__Lmediumconst                 mediumconst  000000
__LnvFARRAM                    nvFARRAM     000000
__Lnvbit                       nvbit        000000
__Lnvrram                      nvrram       000000
__Lparam                       rparam       000000
__Lpowerup                     powerup      00000E
__Lram                         ram          000000
__Lramtop                      ramtop       000800
__Lrbit                        rbit         000000
__Lrbss                        rbss         000000
__Lrdata                       rdata        000000
__Lreset_vec                   reset_vec    000000
__Lrparam                      rparam       000000
__Lsfr                         sfr          000000
__Lsmallconst                  smallconst   000800
__Lspace_0                     (abs)        000000
__Lspace_1                     (abs)        000000
__Lspace_2                     (abs)        000000
__Lspace_4                     (abs)        000000
__Lstack                       stack        000000
__Lstruct                      struct       000000
__Ltemp                        temp         00004E
__Ltext                        text         000000
__Ltext0                       text0        000000
__Ltext1                       text1        000000
__Ltext10                      text10       000000
__Ltext11                      text11       000000
__Ltext12                      text12       000000
__Ltext13                      text13       000000
__Ltext14                      text14       000000
__Ltext15                      text15       000000
__Ltext16                      text16       000000
__Ltext17                      text17       000000
__Ltext18                      text18       000000
__Ltext19                      text19       000000
__Ltext2                       text2        000000
__Ltext20                      text20       000000
__Ltext21                      text21       000000
__Ltext22                      text22       000000
__Ltext23                      text23       000000
__Ltext24                      text24       000000
__Ltext25                      text25       000000
__Ltext26                      text26       000000
__Ltext27                      text27       000000
__Ltext28                      text28       000000
__Ltext29                      text29       000000
__Ltext3                       text3        000000
__Ltext30                      text30       000000
__Ltext31                      text31       000000
__Ltext32                      text32       000000
__Ltext33                      text33       000000
__Ltext34                      text34       000000
__Ltext35                      text35       000000
__Ltext36                      text36       000000
__Ltext37                      text37       000000
__Ltext38                      text38       000000
__Ltext39                      text39       000000
__Ltext4                       text4        000000
__Ltext41                      text41       000000
__Ltext5                       text5        000000
__Ltext6                       text6        000000
__Ltext7                       text7        000000
__Ltext8                       text8        000000
__Ltext9                       text9        000000
__S0                           (abs)        003F20
__S1                           (abs)        00016F
__S2                           (abs)        000000
__S4                           (abs)        000000
__S5                           (abs)        000000
___awdiv                       text22       00359A
___awdiv@counter               cstackCOMRAM 000015
___awdiv@dividend              cstackCOMRAM 000011
___awdiv@divisor               cstackCOMRAM 000013
___awdiv@quotient              cstackCOMRAM 000017
___awdiv@sign                  cstackCOMRAM 000016
___awmod                       text21       003720
___awmod@counter               cstackCOMRAM 000015
___awmod@dividend              cstackCOMRAM 000011
___awmod@divisor               cstackCOMRAM 000013
___awmod@sign                  cstackCOMRAM 000016
___fladd                       text17       001482
___fladd@a                     cstackCOMRAM 000015
___fladd@aexp                  cstackCOMRAM 00001E
___fladd@b                     cstackCOMRAM 000011
___fladd@bexp                  cstackCOMRAM 00001F
___fladd@grs                   cstackCOMRAM 000020
___fladd@signs                 cstackCOMRAM 00001D
___fldiv                       text30       00269A
___fldiv@a                     cstackBANK0  000064
___fldiv@aexp                  cstackBANK0  000078
___fldiv@b                     cstackBANK0  000060
___fldiv@bexp                  cstackBANK0  000077
___fldiv@grs                   cstackBANK0  000073
___fldiv@new_exp               cstackBANK0  000071
___fldiv@rem                   cstackBANK0  00006C
___fldiv@sign                  cstackBANK0  000070
___fleq                        text20       0037D0
___fleq@ff1                    cstackCOMRAM 000011
___fleq@ff2                    cstackCOMRAM 000015
___flge                        text19       0031F6
___flge@ff1                    cstackBANK0  000060
___flge@ff2                    cstackBANK0  000064
___flmul                       text29       002270
___flmul@a                     cstackCOMRAM 000029
___flmul@aexp                  cstackCOMRAM 000032
___flmul@b                     cstackCOMRAM 000025
___flmul@bexp                  cstackCOMRAM 000037
___flmul@grs                   cstackCOMRAM 000033
___flmul@prod                  cstackCOMRAM 000038
___flmul@sign                  cstackCOMRAM 000031
___flmul@temp                  cstackCOMRAM 00003C
___flneg                       text18       003DA8
___flneg@f1                    cstackCOMRAM 000011
___flsub                       text16       003CE4
___flsub@a                     cstackBANK0  000064
___flsub@b                     cstackBANK0  000060
___fltol                       text28       0030EE
___fltol@exp1                  cstackCOMRAM 00003F
___fltol@f1                    cstackBANK0  000079
___fltol@sign1                 cstackCOMRAM 00003E
___fpclassifyf                 text15       0032FC
___fpclassifyf@F465            bssCOMRAM    000044
___fpclassifyf@e               cstackCOMRAM 000019
___fpclassifyf@u               cstackCOMRAM 00001B
___fpclassifyf@x               cstackCOMRAM 000011
___inthi_sp                    stack        000000
___intlo_sp                    stack        000000
___lldiv                       text37       00387A
___lldiv@counter               cstackCOMRAM 00001D
___lldiv@dividend              cstackCOMRAM 000011
___lldiv@divisor               cstackCOMRAM 000015
___lldiv@quotient              cstackCOMRAM 000019
___param_bank                  (abs)        000000
___rparam_used                 (abs)        000001
___sp                          stack        000000
___wmul                        text26       003EB0
___wmul@multiplicand           cstackCOMRAM 000013
___wmul@multiplier             cstackCOMRAM 000011
___wmul@product                cstackCOMRAM 000015
___xxtofl                      text34       002C4C
___xxtofl@arg                  cstackCOMRAM 00001B
___xxtofl@exp                  cstackCOMRAM 00001A
___xxtofl@sign                 cstackCOMRAM 000019
___xxtofl@val                  cstackCOMRAM 000011
__accesstop                    (abs)        000060
__activetblptr                 (abs)        000002
__end_of_ISR                   intcode_body 003CE4
__end_of_USART_PutChar         text39       003F1E
__end_of_USART_PutString       text38       003EB0
__end_of_USART_init            text36       003C9A
__end_of___awdiv               text22       00365E
__end_of___awmod               text21       0037D0
__end_of___fladd               text17       001942
__end_of___fldiv               text30       002A36
__end_of___fleq                text20       00387A
__end_of___flge                text19       0032FC
__end_of___flmul               text29       00269A
__end_of___flneg               text18       003DE0
__end_of___flsub               text16       003D2C
__end_of___fltol               text28       0031F6
__end_of___fpclassifyf         text15       0033FA
__end_of___lldiv               text37       00391E
__end_of___wmul                text26       003ED6
__end_of___xxtofl              text34       002E00
__end_of__initialization       cinit        003E72
__end_of_adc_init              text35       003EF2
__end_of_analogic_read         text33       003C4A
__end_of_atoi                  text23       002F90
__end_of_config_interrup_cero  text32       003F08
__end_of_efgtoa                text5        001482
__end_of_floorf                text14       002C4C
__end_of_fputc                 text12       00359A
__end_of_fputs                 text11       003D70
__end_of_isdigit               text25       003E18
__end_of_isspace               text24       003BFA
__end_of_isupper               text7        003DA8
__end_of_main                  text0        0030EE
__end_of_pad                   text9        003720
__end_of_putch                 text13       003F20
__end_of_pwm_init              text31       0039C0
__end_of_set_duty_cpp1         text27       003A36
__end_of_sprintf               text1        003BA8
__end_of_strcpy                text8        003B54
__end_of_strlen                text10       003E4E
__end_of_strncmp               text4        0034D0
__end_of_tolower               text6        003AF8
__end_of_vfpfcnvrt             text3        002270
__end_of_vfprintf              text2        003A98
__end_ofi2___fladd             text41       001E02
__initialization               cinit        003E4E
__mediumconst                  mediumconst  000000
__pbssBANK0                    bssBANK0     0000F1
__pbssBANK1                    bssBANK1     000100
__pbssCOMRAM                   bssCOMRAM    000040
__pcinit                       cinit        003E4E
__pcstackBANK0                 cstackBANK0  000060
__pcstackBANK1                 cstackBANK1  00015F
__pcstackCOMRAM                cstackCOMRAM 000001
__pintcode                     intcode      000008
__pintcode_body                intcode_body 003C9A
__psmallconst                  smallconst   000800
__ptext0                       text0        002F90
__ptext1                       text1        003B54
__ptext10                      text10       003E18
__ptext11                      text11       003D2C
__ptext12                      text12       0034D0
__ptext13                      text13       003F1E
__ptext14                      text14       002A36
__ptext15                      text15       0032FC
__ptext16                      text16       003CE4
__ptext17                      text17       001482
__ptext18                      text18       003DA8
__ptext19                      text19       0031F6
__ptext2                       text2        003A36
__ptext20                      text20       0037D0
__ptext21                      text21       003720
__ptext22                      text22       00359A
__ptext23                      text23       002E00
__ptext24                      text24       003BA8
__ptext25                      text25       003DE0
__ptext26                      text26       003EB0
__ptext27                      text27       0039C0
__ptext28                      text28       0030EE
__ptext29                      text29       002270
__ptext3                       text3        001E02
__ptext30                      text30       00269A
__ptext31                      text31       00391E
__ptext32                      text32       003EF2
__ptext33                      text33       003BFA
__ptext34                      text34       002C4C
__ptext35                      text35       003ED6
__ptext36                      text36       003C4A
__ptext37                      text37       00387A
__ptext38                      text38       003E80
__ptext39                      text39       003F08
__ptext4                       text4        0033FA
__ptext41                      text41       001942
__ptext5                       text5        000822
__ptext6                       text6        003A98
__ptext7                       text7        003D70
__ptext8                       text8        003AF8
__ptext9                       text9        00365E
__ramtop                       ramtop       000800
__size_of_ISR                  (abs)        000000
__size_of_USART_PutChar        (abs)        000000
__size_of_USART_PutString      (abs)        000000
__size_of_USART_init           (abs)        000000
__size_of___awdiv              (abs)        000000
__size_of___awmod              (abs)        000000
__size_of___fladd              (abs)        000000
__size_of___fldiv              (abs)        000000
__size_of___fleq               (abs)        000000
__size_of___flge               (abs)        000000
__size_of___flmul              (abs)        000000
__size_of___flneg              (abs)        000000
__size_of___flsub              (abs)        000000
__size_of___fltol              (abs)        000000
__size_of___fpclassifyf        (abs)        000000
__size_of___lldiv              (abs)        000000
__size_of___wmul               (abs)        000000
__size_of___xxtofl             (abs)        000000
__size_of_adc_init             (abs)        000000
__size_of_analogic_read        (abs)        000000
__size_of_atoi                 (abs)        000000
__size_of_config_interrup_cero (abs)        000000
__size_of_efgtoa               (abs)        000000
__size_of_floorf               (abs)        000000
__size_of_fputc                (abs)        000000
__size_of_fputs                (abs)        000000
__size_of_isdigit              (abs)        000000
__size_of_isspace              (abs)        000000
__size_of_isupper              (abs)        000000
__size_of_main                 (abs)        000000
__size_of_pad                  (abs)        000000
__size_of_putch                (abs)        000000
__size_of_pwm_init             (abs)        000000
__size_of_set_duty_cpp1        (abs)        000000
__size_of_sprintf              (abs)        000000
__size_of_strcpy               (abs)        000000
__size_of_strlen               (abs)        000000
__size_of_strncmp              (abs)        000000
__size_of_tolower              (abs)        000000
__size_of_vfpfcnvrt            (abs)        000000
__size_of_vfprintf             (abs)        000000
__size_ofi2___fladd            (abs)        000000
__smallconst                   smallconst   000800
_adc_init                      text35       003ED6
_analogic_read                 text33       003BFA
_atoi                          text23       002E00
_atoi$1388                     cstackCOMRAM 000020
_atoi$1389                     cstackCOMRAM 000024
_atoi$1390                     cstackCOMRAM 000022
_cadena                        bssBANK1     000150
_config_interrup_cero          text32       003EF2
_dbuf                          bssBANK1     000100
_efgtoa                        text5        000822
_efgtoa$1324                   cstackBANK0  000099
_efgtoa$1325                   cstackBANK0  00009B
_efgtoa$1330                   cstackBANK0  00009D
_efgtoa$1334                   cstackBANK0  00009F
_efgtoa$1335                   cstackBANK0  0000A1
_efgtoa$1336                   cstackBANK0  0000A3
_flags                         bssCOMRAM    00004C
_floorf                        text14       002A36
_fputc                         text12       0034D0
_fputs                         text11       003D2C
_isdigit                       text25       003DE0
_isspace                       text24       003BA8
_isspace$1419                  cstackCOMRAM 000017
_isupper                       text7        003D70
_main                          text0        002F90
_nout                          bssBANK0     0000F5
_pad                           text9        00365E
_prec                          bssBANK0     0000F9
_pulses                        bssBANK0     0000FB
_putch                         text13       003F1E
_pwm_init                      text31       00391E
_set_duty_cpp1                 text27       0039C0
_sprintf                       text1        003B54
_strcpy                        text8        003AF8
_strlen                        text10       003E18
_strncmp                       text4        0033FA
_tolower                       text6        003A98
_tolower$1483                  cstackCOMRAM 00001D
_velocidad                     bssCOMRAM    000048
_vfpfcnvrt                     text3        001E02
_vfpfcnvrt$1350                cstackBANK0  0000DB
_vfpfcnvrt$1354                cstackBANK0  0000DD
_vfprintf                      text2        003A36
_width                         bssBANK0     0000F7
analogic_read@channel          cstackCOMRAM 000024
atoi@n                         cstackCOMRAM 000025
atoi@neg                       cstackCOMRAM 00001E
atoi@s                         cstackCOMRAM 000018
btemp                          temp         00004E
config_interrup_cero@edge      cstackCOMRAM 000011
efgtoa@c                       cstackBANK0  000093
efgtoa@d                       cstackBANK0  0000B1
efgtoa@e                       cstackBANK0  0000C9
efgtoa@f                       cstackBANK0  00008F
efgtoa@fp                      cstackBANK0  00008D
efgtoa@g                       cstackBANK0  0000C5
efgtoa@h                       cstackBANK0  0000BB
efgtoa@i                       cstackBANK0  0000C3
efgtoa@l                       cstackBANK0  0000BF
efgtoa@m                       cstackBANK0  0000AB
efgtoa@mode                    cstackBANK0  0000BA
efgtoa@n                       cstackBANK0  0000CB
efgtoa@ne                      cstackBANK0  0000A9
efgtoa@nmode                   cstackBANK0  0000B9
efgtoa@ou                      cstackBANK0  0000AD
efgtoa@p                       cstackBANK0  0000B5
efgtoa@pp                      cstackBANK0  0000A7
efgtoa@sign                    cstackBANK0  0000B3
efgtoa@t                       cstackBANK0  0000A5
efgtoa@u                       cstackBANK0  0000CD
efgtoa@w                       cstackBANK0  0000B7
end_of_initialization          cinit        003E72
floorf@F527                    bssCOMRAM    000040
floorf@e                       cstackBANK0  000087
floorf@m                       cstackBANK0  000083
floorf@u                       cstackBANK0  000089
floorf@x                       cstackBANK0  000079
fputc@c                        cstackCOMRAM 000011
fputc@fp                       cstackCOMRAM 000013
fputs@c                        cstackCOMRAM 00001E
fputs@fp                       cstackCOMRAM 00001C
fputs@i                        cstackCOMRAM 00001F
fputs@s                        cstackCOMRAM 00001A
i2___fladd                     text41       001942
i2___fladd@a                   cstackCOMRAM 000005
i2___fladd@aexp                cstackCOMRAM 00000E
i2___fladd@b                   cstackCOMRAM 000001
i2___fladd@bexp                cstackCOMRAM 00000F
i2___fladd@grs                 cstackCOMRAM 000010
i2___fladd@signs               cstackCOMRAM 00000D
int$flags                      temp         00004E
int_func                       intcode_body 003C9A
intlevel0                      text         000000
intlevel1                      text         000000
intlevel2                      text         000000
intlevel3                      text         000000
isa$std                        (abs)        000001
isa$xinst                      (abs)        000000
isdigit@c                      cstackCOMRAM 000011
isspace@c                      cstackCOMRAM 000011
isupper@c                      cstackCOMRAM 000011
pad@buf                        cstackCOMRAM 000023
pad@fp                         cstackCOMRAM 000021
pad@i                          cstackCOMRAM 000028
pad@p                          cstackCOMRAM 000025
pad@w                          cstackCOMRAM 00002A
pwm_init@pwm1                  cstackCOMRAM 000012
pwm_init@pwm2                  cstackCOMRAM 000011
set_duty_cpp1@duty             cstackBANK0  000081
sprintf@ap                     cstackBANK1  000167
sprintf@f                      cstackBANK1  000169
sprintf@fmt                    cstackBANK1  000161
sprintf@s                      cstackBANK1  00015F
stackhi                        (abs)        0007FF
stacklo                        (abs)        00016F
start                          init         00000E
start_initialization           cinit        003E4E
strcpy@d                       cstackCOMRAM 000019
strcpy@dest                    cstackCOMRAM 000011
strcpy@s                       cstackCOMRAM 000017
strcpy@src                     cstackCOMRAM 000013
strlen@a                       cstackCOMRAM 000013
strlen@s                       cstackCOMRAM 000011
strncmp@_l                     cstackCOMRAM 000011
strncmp@_r                     cstackCOMRAM 000013
strncmp@l                      cstackCOMRAM 000018
strncmp@n                      cstackCOMRAM 000015
strncmp@r                      cstackCOMRAM 00001A
tolower@c                      cstackCOMRAM 000017
ttemp5                         temp         00004F
ttemp6                         temp         000052
ttemp7                         temp         000056
vfpfcnvrt@ap                   cstackBANK0  0000D5
vfpfcnvrt@c                    cstackBANK0  0000E6
vfpfcnvrt@ct                   cstackBANK0  0000E3
vfpfcnvrt@f                    cstackBANK0  0000DF
vfpfcnvrt@fmt                  cstackBANK0  0000D3
vfpfcnvrt@fp                   cstackBANK0  0000D1
vfprintf@ap                    cstackBANK0  0000EB
vfprintf@cfmt                  cstackBANK0  0000ED
vfprintf@fmt                   cstackBANK0  0000E9
vfprintf@fp                    cstackBANK0  0000E7
wtemp8                         temp         00004F


MODULE INFORMATION

Module		Function		Class		Link	Load	Size
E:\MPLAB\pic\sources\c99\common\__lldiv.c
		___lldiv       		CODE           	387A	0000	164

E:\MPLAB\pic\sources\c99\common\__lldiv.c estimated size: 164

E:\MPLAB\pic\sources\c99\common\atoi.c
		_atoi          		CODE           	2E00	0000	400

E:\MPLAB\pic\sources\c99\common\atoi.c estimated size: 400

E:\MPLAB\pic\sources\c99\common\fleq.c
		___fleq        		CODE           	37D0	0000	170

E:\MPLAB\pic\sources\c99\common\fleq.c estimated size: 170

E:\MPLAB\pic\sources\c99\common\doprnt.c
		_vfpfcnvrt     		CODE           	1E02	0000	1134
		_efgtoa        		CODE           	0822	0000	3168
		_pad           		CODE           	365E	0000	194
		_vfprintf      		CODE           	3A36	0000	98

E:\MPLAB\pic\sources\c99\common\doprnt.c estimated size: 4594

E:\MPLAB\pic\sources\c99\common\flneg.c
		___flneg       		CODE           	3DA8	0000	56

E:\MPLAB\pic\sources\c99\common\flneg.c estimated size: 56

E:\MPLAB\pic\sources\c99\common\isdigit.c
		_isdigit       		CODE           	3DE0	0000	56

E:\MPLAB\pic\sources\c99\common\isdigit.c estimated size: 56

E:\MPLAB\pic\sources\c99\common\sprcadd.c
		___flsub       		CODE           	3CE4	0000	72
		___fladd       		CODE           	1482	0000	1216

E:\MPLAB\pic\sources\c99\common\sprcadd.c estimated size: 1288

E:\MPLAB\pic\sources\c99\common\nf_sprintf.c
		_sprintf       		CODE           	3B54	0000	84

E:\MPLAB\pic\sources\c99\common\nf_sprintf.c estimated size: 84

E:\MPLAB\pic\sources\c99\common\Umul16.c
		___wmul        		CODE           	3EB0	0000	38

E:\MPLAB\pic\sources\c99\common\Umul16.c estimated size: 38

E:\MPLAB\pic\sources\c99\common\nf_fputs.c
		_fputs         		CODE           	3D2C	0000	68

E:\MPLAB\pic\sources\c99\common\nf_fputs.c estimated size: 68

E:\MPLAB\pic\sources\c99\common\putch.c
		_putch         		CODE           	3F1E	0000	2

E:\MPLAB\pic\sources\c99\common\putch.c estimated size: 2

E:\MPLAB\pic\sources\c99\common\__fpclassifyf.c
		___fpclassifyf 		CODE           	32FC	0000	254

E:\MPLAB\pic\sources\c99\common\__fpclassifyf.c estimated size: 254

E:\MPLAB\pic\sources\c99\common\flge.c
		___flge        		CODE           	31F6	0000	262

E:\MPLAB\pic\sources\c99\common\flge.c estimated size: 262

E:\MPLAB\pic\sources\c99\common\isupper.c
		_isupper       		CODE           	3D70	0000	56

E:\MPLAB\pic\sources\c99\common\isupper.c estimated size: 56

E:\MPLAB\pic\sources\c99\common\xxtofl.c
		___xxtofl      		CODE           	2C4C	0000	436

E:\MPLAB\pic\sources\c99\common\xxtofl.c estimated size: 436

E:\MPLAB\pic\sources\c99\common\awmod.c
		___awmod       		CODE           	3720	0000	176

E:\MPLAB\pic\sources\c99\common\awmod.c estimated size: 176

shared
		i2___fladd     		CODE           	1942	0000	1216
		__initialization		CODE           	3E4E	0000	36

shared estimated size: 1252

E:\MPLAB\pic\sources\c99\common\strlen.c
		_strlen        		CODE           	3E18	0000	54

E:\MPLAB\pic\sources\c99\common\strlen.c estimated size: 54

E:\MPLAB\pic\sources\c99\common\floorf.c
		_floorf        		CODE           	2A36	0000	534

E:\MPLAB\pic\sources\c99\common\floorf.c estimated size: 534

E:\MPLAB\pic\sources\c99\common\strcpy.c
		_strcpy        		CODE           	3AF8	0000	92

E:\MPLAB\pic\sources\c99\common\strcpy.c estimated size: 92

E:\MPLAB\pic\sources\c99\common\nf_fputc.c
		_fputc         		CODE           	34D0	0000	202

E:\MPLAB\pic\sources\c99\common\nf_fputc.c estimated size: 202

E:\MPLAB\pic\sources\c99\common\fltol.c
		___fltol       		CODE           	30EE	0000	264

E:\MPLAB\pic\sources\c99\common\fltol.c estimated size: 264

E:\MPLAB\pic\sources\c99\common\sprcmul.c
		___flmul       		CODE           	2270	0000	1066

E:\MPLAB\pic\sources\c99\common\sprcmul.c estimated size: 1066

E:\MPLAB\pic\sources\c99\common\sprcdiv.c
		___fldiv       		CODE           	269A	0000	924

E:\MPLAB\pic\sources\c99\common\sprcdiv.c estimated size: 924

E:\MPLAB\pic\sources\c99\common\isspace.c
		_isspace       		CODE           	3BA8	0000	82

E:\MPLAB\pic\sources\c99\common\isspace.c estimated size: 82

main.c
		_ISR           		CODE           	0008	0000	80
		_main          		CODE           	2F90	0000	350

main.c estimated size: 430

E:\MPLAB\pic\sources\c99\common\awdiv.c
		___awdiv       		CODE           	359A	0000	196

E:\MPLAB\pic\sources\c99\common\awdiv.c estimated size: 196

E:\MPLAB\pic\sources\c99\common\strncmp.c
		_strncmp       		CODE           	33FA	0000	214

E:\MPLAB\pic\sources\c99\common\strncmp.c estimated size: 214

E:\MPLAB\pic\sources\c99\common\tolower.c
		_tolower       		CODE           	3A98	0000	96

E:\MPLAB\pic\sources\c99\common\tolower.c estimated size: 96

librerias.c
		_USART_PutString		CODE           	3E80	0000	48
		_config_interrup_cero		CODE           	3EF2	0000	22
		_pwm_init      		CODE           	391E	0000	162
		_adc_init      		CODE           	3ED6	0000	28
		_analogic_read 		CODE           	3BFA	0000	80
		_USART_PutChar 		CODE           	3F08	0000	22
		_set_duty_cpp1 		CODE           	39C0	0000	118
		_USART_init    		CODE           	3C4A	0000	80

librerias.c estimated size: 560

