Microchip MPLAB XC8 Compiler V2.32

Linker command line:

-W-3 --edf=E:\MPLAB\pic\dat\en_msgs.txt -cn \
  -h+dist/default/production\horno_pid.X.production.sym \
  --cmf=dist/default/production\horno_pid.X.production.cmf -z -Q18F4550 \
  -oC:\Users\Vland\AppData\Local\Temp\xcAscio.4 --defsym=__MPLAB_BUILD=1 \
  -Mdist/default/production/horno_pid.X.production.map -E1 \
  -ver=XC8 Compiler --acfsm=1493 -ASTACK=01A0h-07FFh -pstack=STACK \
  -ACODE=00h-07FFFh -ACONST=00h-07FFFh -ASMALLCONST=0800h-08FFhx120 \
  -AMEDIUMCONST=0800h-07FFFh -ACOMRAM=01h-05Fh -AABS1=00h-07FFh \
  -ABIGRAM=01h-07FFh -ARAM=060h-0FFh,0100h-01FFhx7 -ABANK0=060h-0FFh \
  -ABANK1=0100h-01FFh -ABANK2=0200h-02FFh -ABANK3=0300h-03FFh \
  -ABANK4=0400h-04FFh -ABANK5=0500h-05FFh -ABANK6=0600h-06FFh \
  -ABANK7=0700h-07FFh -ASFR=0F60h-0FFFh -ACONFIG=0300000h-030000Dh \
  -AIDLOC=0200000h-0200007h -AEEDATA=0F00000h-0F000FFh -peeprom_data=EEDATA \
  -preset_vec=00h,intcode,intcodelo,powerup,init -pramtop=0800h \
  -psmallconst=SMALLCONST -pmediumconst=MEDIUMCONST -pconst=CONST \
  -AFARRAM=00h-00h \
  -prdata=COMRAM,nvrram=COMRAM,nvbit=COMRAM,rbss=COMRAM,rbit=COMRAM \
  -pfarbss=FARRAM,fardata=FARRAM,nvFARRAM=FARRAM \
  -pintsave_regs=BIGRAM,bigbss=BIGRAM,bigdata=BIGRAM -pbss=RAM \
  -pidata=CODE,irdata=CODE,ibigdata=CODE,ifardata=CODE -prparam=COMRAM \
  C:\Users\Vland\AppData\Local\Temp\xcAscio.o \
  dist/default/production\horno_pid.X.production.o 

Object code version is 3.11

Machine type is 18F4550



                Name                               Link     Load   Length Selector   Space Scale
C:\Users\Vland\AppData\Local\Temp\xcAscio.o
                idloc                            200000   200000        8        0       5
                config                           300000   300000        E        0       4
                init                                  0        0        4        0       0
dist/default/production\horno_pid.X.production.o
                idloc                            200000   200000        8        0       5
                config                           300000   300000        E        0       4
                smallconst                          800      800       32      400       0
                text40                             3090     3090      104      419       0
                text39                             1DB8     1DB8      42A      419       0
                text38                             148A     148A      4C0      419       0
                text37                             3BB0     3BB0       46      419       0
                text36                             257C     257C      33E      419       0
                text35                             38DC     38DC       72      419       0
                text34                             3DF8     3DF8       16      419       0
                text33                             3D5A     3D5A       30      419       0
                text32                             3716     3716       A4      419       0
                text31                             3B60     3B60       50      419       0
                text30                             3DDC     3DDC       1C      419       0
                text29                             2ACC     2ACC      1B4      419       0
                text28                             3B10     3B10       50      419       0
                text27                             37BA     37BA       9A      419       0
                text26                             21E2     21E2      39A      419       0
                text25                             2F8A     2F8A      106      419       0
                text24                             3854     3854       88      419       0
                text23                             3DB6     3DB6       26      419       0
                text22                             3CEC     3CEC       38      419       0
                text21                             3ABE     3ABE       52      419       0
                text20                             2C80     2C80      190      419       0
                text19                             34F8     34F8       C4      419       0
                text18                             35BC     35BC       B0      419       0
                text17                             366C     366C       AA      419       0
                text16                             3CB4     3CB4       38      419       0
                text15                             3194     3194       FE      419       0
                text14                             28BA     28BA      212      419       0
                text13                             3E0E     3E0E        2      419       0
                text12                             3368     3368       CA      419       0
                text11                             3BF6     3BF6       44      419       0
                text10                             3D24     3D24       36      419       0
                text9                              3432     3432       C6      419       0
                text8                              3A10     3A10       5C      419       0
                text7                              3C7C     3C7C       38      419       0
                text6                              39B0     39B0       60      419       0
                text5                               832      832      C58      419       0
                text4                              3292     3292       D6      419       0
                text3                              194A     194A      46E      419       0
                text2                              394E     394E       62      419       0
                text1                              3A6C     3A6C       52      419       0
                text0                              2E10     2E10      17A      419       0
                cstackCOMRAM                          1        1       5F        1       1
                cstackBANK0                          60       60       97       60       1
                dataBANK1                           174      174       2C      100       1
                bssBANK1                            100      100       74      100       1
                bssBANK0                             F7       F7        8       60       1
                cinit                              3C3A     3C3A       42      419       0
                idataBANK1                         3D8A     3D8A       2C      419       0

TOTAL           Name                               Link     Load   Length     Space
        CLASS   STACK          

        CLASS   CODE           
                init                                  0        0        4         0
                text40                             3090     3090      104         0
                text39                             1DB8     1DB8      42A         0
                text38                             148A     148A      4C0         0
                text37                             3BB0     3BB0       46         0
                text36                             257C     257C      33E         0
                text35                             38DC     38DC       72         0
                text34                             3DF8     3DF8       16         0
                text33                             3D5A     3D5A       30         0
                text32                             3716     3716       A4         0
                text31                             3B60     3B60       50         0
                text30                             3DDC     3DDC       1C         0
                text29                             2ACC     2ACC      1B4         0
                text28                             3B10     3B10       50         0
                text27                             37BA     37BA       9A         0
                text26                             21E2     21E2      39A         0
                text25                             2F8A     2F8A      106         0
                text24                             3854     3854       88         0
                text23                             3DB6     3DB6       26         0
                text22                             3CEC     3CEC       38         0
                text21                             3ABE     3ABE       52         0
                text20                             2C80     2C80      190         0
                text19                             34F8     34F8       C4         0
                text18                             35BC     35BC       B0         0
                text17                             366C     366C       AA         0
                text16                             3CB4     3CB4       38         0
                text15                             3194     3194       FE         0
                text14                             28BA     28BA      212         0
                text13                             3E0E     3E0E        2         0
                text12                             3368     3368       CA         0
                text11                             3BF6     3BF6       44         0
                text10                             3D24     3D24       36         0
                text9                              3432     3432       C6         0
                text8                              3A10     3A10       5C         0
                text7                              3C7C     3C7C       38         0
                text6                              39B0     39B0       60         0
                text5                               832      832      C58         0
                text4                              3292     3292       D6         0
                text3                              194A     194A      46E         0
                text2                              394E     394E       62         0
                text1                              3A6C     3A6C       52         0
                text0                              2E10     2E10      17A         0
                cinit                              3C3A     3C3A       42         0
                idataBANK1                         3D8A     3D8A       2C         0

        CLASS   CONST          

        CLASS   SMALLCONST     
                smallconst                          800      800       32         0

        CLASS   MEDIUMCONST    

        CLASS   COMRAM         
                cstackCOMRAM                          1        1       5F         1

        CLASS   ABS1           

        CLASS   BIGRAM         

        CLASS   RAM            

        CLASS   BANK0          
                cstackBANK0                          60       60       97         1
                bssBANK0                             F7       F7        8         1

        CLASS   BANK1          
                dataBANK1                           174      174       2C         1
                bssBANK1                            100      100       74         1

        CLASS   BANK2          

        CLASS   BANK3          

        CLASS   BANK4          

        CLASS   BANK5          

        CLASS   BANK6          

        CLASS   BANK7          

        CLASS   SFR            

        CLASS   CONFIG         
                config                           300000   300000        E         4

        CLASS   IDLOC          
                idloc                            200000   200000        8         5

        CLASS   EEDATA         

        CLASS   FARRAM         



SEGMENTS        Name                           Load    Length   Top    Selector   Space  Class

                reset_vec                      000000  000004  000004         0       0  CODE    
                cstackCOMRAM                   000001  00005F  000060         1       1  COMRAM  
                cstackBANK0                    000060  00009F  0000FF        60       1  BANK0   
                bssBANK1                       000100  0000A0  0001A0       100       1  BANK1   
                smallconst                     000800  000032  000832       400       0  SMALLCON
                text5                          000832  0035DE  003E10       419       0  CODE    


UNUSED ADDRESS RANGES

        Name                Unused          Largest block    Delta
        BANK0            0000FF-0000FF                1
        BANK1            0001A0-0001FF               60
        BANK2            000200-0002FF              100
        BANK3            000300-0003FF              100
        BANK4            000400-0004FF              100
        BANK5            000500-0005FF              100
        BANK6            000600-0006FF              100
        BANK7            000700-0007FF              100
        BIGRAM           0000FF-0000FF                1
                         0001A0-0007FF              660
        CODE             000004-0007FF              7FC
                         003E10-007FFF             41F0
        CONST            000004-0007FF              7FC
                         003E10-007FFF             41F0
        EEDATA           F00000-F000FF              100
        MEDIUMCONST      003E10-007FFF             41F0
        RAM              0000FF-0000FF                1
                         0001A0-0007FF              100
        SFR              000F60-000FFF               A0
        SMALLCONST       003E10-007FFF              100
        STACK            0001A0-0007FF              660

                                  Symbol Table

?_CalculoControlPID            cstackCOMRAM 000046
?___awdiv                      cstackCOMRAM 000001
?___awmod                      cstackCOMRAM 000001
?___fladd                      cstackCOMRAM 00002E
?___fldiv                      cstackCOMRAM 00002E
?___flmul                      cstackCOMRAM 000015
?___flneg                      cstackCOMRAM 000001
?___flsub                      cstackCOMRAM 00003E
?___fltol                      cstackCOMRAM 000047
?___fpclassifyf                cstackCOMRAM 000001
?___lldiv                      cstackCOMRAM 000001
?___wmul                       cstackCOMRAM 000001
?___xxtofl                     cstackCOMRAM 000001
?_analogic_read                cstackCOMRAM 00000F
?_atoi                         cstackCOMRAM 000008
?_efgtoa                       cstackBANK0  000060
?_floorf                       cstackCOMRAM 000047
?_isdigit                      cstackCOMRAM 000001
?_isspace                      cstackCOMRAM 000001
?_isupper                      cstackCOMRAM 000001
?_pad                          cstackCOMRAM 000011
?_sprintf                      cstackBANK0  0000BD
?_strlen                       cstackCOMRAM 000001
?_strncmp                      cstackCOMRAM 000001
?_tolower                      cstackCOMRAM 000007
?_vfpfcnvrt                    cstackBANK0  00009F
?_vfprintf                     cstackBANK0  0000B5
CalculoControlPID@error        cstackCOMRAM 000058
CalculoControlPID@medicion     cstackCOMRAM 00004C
CalculoControlPID@pid          cstackCOMRAM 000046
CalculoControlPID@proporcional cstackCOMRAM 000050
CalculoControlPID@setpoint     cstackCOMRAM 000048
ControladorPID_init@pid        cstackCOMRAM 000001
USART_PutChar@Ch               cstackCOMRAM 000001
USART_PutString@str            cstackCOMRAM 000002
USART_init@baudrate            cstackCOMRAM 00000E
_ADCON0                        (abs)        000FC2
_ADCON0bits                    (abs)        000FC2
_ADCON1bits                    (abs)        000FC1
_ADCON2bits                    (abs)        000FC0
_ADRES                         (abs)        000FC3
_CCP1CON                       (abs)        000FBD
_CCP2CON                       (abs)        000FBA
_CCPR1L                        (abs)        000FBE
_CCPR2L                        (abs)        000FBB
_CalculoControlPID             text36       00257C
_CalculoControlPID$1750        cstackCOMRAM 000054
_ControladorPID_init           text35       0038DC
_INTCON2bits                   (abs)        000FF1
_INTCON3bits                   (abs)        000FF0
_INTCONbits                    (abs)        000FF2
_PIE1bits                      (abs)        000F9D
_PR2                           (abs)        000FCB
_RCSTAbits                     (abs)        000FAB
_SPBRG                         (abs)        000FAF
_T2CON                         (abs)        000FCA
_T2CONbits                     (abs)        000FCA
_TMR2                          (abs)        000FCC
_TRISAbits                     (abs)        000F92
_TRISBbits                     (abs)        000F93
_TRISC                         (abs)        000F94
_TXREG                         (abs)        000FAD
_TXSTAbits                     (abs)        000FAC
_U                             bssBANK1     000108
_USART_PutChar                 text34       003DF8
_USART_PutString               text33       003D5A
_USART_init                    text31       003B60
__HRAM                         (abs)        000000
__Habs1                        abs1         000000
__Hbank0                       bank0        000000
__Hbank1                       bank1        000000
__Hbank2                       bank2        000000
__Hbank3                       bank3        000000
__Hbank4                       bank4        000000
__Hbank5                       bank5        000000
__Hbank6                       bank6        000000
__Hbank7                       bank7        000000
__Hbigbss                      bigbss       000000
__Hbigdata                     bigdata      000000
__Hbigram                      bigram       000000
__Hbss                         bss          000000
__HbssBANK0                    bssBANK0     000000
__HbssBANK1                    bssBANK1     000000
__Hcinit                       cinit        000000
__Hclrtext                     clrtext      000000
__Hcomram                      comram       000000
__Hconfig                      config       30000E
__Hconst                       const        000000
__HcstackBANK0                 cstackBANK0  000000
__HcstackCOMRAM                cstackCOMRAM 000000
__Hdata                        data         000000
__HdataBANK1                   dataBANK1    000000
__Heeprom_data                 eeprom_data  000000
__Hfarbss                      farbss       000000
__Hfardata                     fardata      000000
__Hibigdata                    ibigdata     000000
__Hidata                       idata        000000
__HidataBANK1                  idataBANK1   000000
__Hidloc                       idloc        200008
__Hifardata                    ifardata     000000
__Hinit                        init         000004
__Hintcode                     intcode      000000
__Hintcode_body                intcode_body 000000
__Hintcodelo                   intcodelo    000000
__Hintentry                    intentry     000000
__Hintret                      intret       000000
__Hintsave_regs                intsave_regs 000000
__Hirdata                      irdata       000000
__Hmediumconst                 mediumconst  000000
__HnvFARRAM                    nvFARRAM     000000
__Hnvbit                       nvbit        000000
__Hnvrram                      nvrram       000000
__Hparam                       rparam       000000
__Hpowerup                     powerup      000000
__Hram                         ram          000000
__Hramtop                      ramtop       000800
__Hrbit                        rbit         000000
__Hrbss                        rbss         000000
__Hrdata                       rdata        000000
__Hreset_vec                   reset_vec    000000
__Hrparam                      rparam       000000
__Hsfr                         sfr          000000
__Hsmallconst                  smallconst   000832
__Hspace_0                     (abs)        003E10
__Hspace_1                     (abs)        0001A0
__Hspace_2                     (abs)        000000
__Hspace_4                     (abs)        60000E
__Hstack                       stack        000000
__Hstruct                      struct       000000
__Htemp                        temp         000000
__Htext                        text         000000
__Htext0                       text0        000000
__Htext1                       text1        000000
__Htext10                      text10       000000
__Htext11                      text11       000000
__Htext12                      text12       000000
__Htext13                      text13       000000
__Htext14                      text14       000000
__Htext15                      text15       000000
__Htext16                      text16       000000
__Htext17                      text17       000000
__Htext18                      text18       000000
__Htext19                      text19       000000
__Htext2                       text2        000000
__Htext20                      text20       000000
__Htext21                      text21       000000
__Htext22                      text22       000000
__Htext23                      text23       000000
__Htext24                      text24       000000
__Htext25                      text25       000000
__Htext26                      text26       000000
__Htext27                      text27       000000
__Htext28                      text28       000000
__Htext29                      text29       000000
__Htext3                       text3        000000
__Htext30                      text30       000000
__Htext31                      text31       000000
__Htext32                      text32       000000
__Htext33                      text33       000000
__Htext34                      text34       000000
__Htext35                      text35       000000
__Htext36                      text36       000000
__Htext37                      text37       000000
__Htext38                      text38       000000
__Htext39                      text39       000000
__Htext4                       text4        000000
__Htext40                      text40       000000
__Htext5                       text5        000000
__Htext6                       text6        000000
__Htext7                       text7        000000
__Htext8                       text8        000000
__Htext9                       text9        000000
__LRAM                         (abs)        000001
__Labs1                        abs1         000000
__Lbank0                       bank0        000000
__Lbank1                       bank1        000000
__Lbank2                       bank2        000000
__Lbank3                       bank3        000000
__Lbank4                       bank4        000000
__Lbank5                       bank5        000000
__Lbank6                       bank6        000000
__Lbank7                       bank7        000000
__Lbigbss                      bigbss       000000
__Lbigdata                     bigdata      000000
__Lbigram                      bigram       000000
__Lbss                         bss          000000
__LbssBANK0                    bssBANK0     000000
__LbssBANK1                    bssBANK1     000000
__Lcinit                       cinit        000000
__Lclrtext                     clrtext      000000
__Lcomram                      comram       000000
__Lconfig                      config       000000
__Lconst                       const        000000
__LcstackBANK0                 cstackBANK0  000000
__LcstackCOMRAM                cstackCOMRAM 000000
__Ldata                        data         000000
__LdataBANK1                   dataBANK1    000000
__Leeprom_data                 eeprom_data  000000
__Lfarbss                      farbss       000000
__Lfardata                     fardata      000000
__Libigdata                    ibigdata     000000
__Lidata                       idata        000000
__LidataBANK1                  idataBANK1   000000
__Lidloc                       idloc        000000
__Lifardata                    ifardata     000000
__Linit                        init         000000
__Lintcode                     intcode      000000
__Lintcode_body                intcode_body 000000
__Lintcodelo                   intcodelo    000000
__Lintentry                    intentry     000000
__Lintret                      intret       000000
__Lintsave_regs                intsave_regs 000000
__Lirdata                      irdata       000000
__Lmediumconst                 mediumconst  000000
__LnvFARRAM                    nvFARRAM     000000
__Lnvbit                       nvbit        000000
__Lnvrram                      nvrram       000000
__Lparam                       rparam       000000
__Lpowerup                     powerup      000000
__Lram                         ram          000000
__Lramtop                      ramtop       000800
__Lrbit                        rbit         000000
__Lrbss                        rbss         000000
__Lrdata                       rdata        000000
__Lreset_vec                   reset_vec    000000
__Lrparam                      rparam       000000
__Lsfr                         sfr          000000
__Lsmallconst                  smallconst   000800
__Lspace_0                     (abs)        000000
__Lspace_1                     (abs)        000000
__Lspace_2                     (abs)        000000
__Lspace_4                     (abs)        000000
__Lstack                       stack        000000
__Lstruct                      struct       000000
__Ltemp                        temp         000000
__Ltext                        text         000000
__Ltext0                       text0        000000
__Ltext1                       text1        000000
__Ltext10                      text10       000000
__Ltext11                      text11       000000
__Ltext12                      text12       000000
__Ltext13                      text13       000000
__Ltext14                      text14       000000
__Ltext15                      text15       000000
__Ltext16                      text16       000000
__Ltext17                      text17       000000
__Ltext18                      text18       000000
__Ltext19                      text19       000000
__Ltext2                       text2        000000
__Ltext20                      text20       000000
__Ltext21                      text21       000000
__Ltext22                      text22       000000
__Ltext23                      text23       000000
__Ltext24                      text24       000000
__Ltext25                      text25       000000
__Ltext26                      text26       000000
__Ltext27                      text27       000000
__Ltext28                      text28       000000
__Ltext29                      text29       000000
__Ltext3                       text3        000000
__Ltext30                      text30       000000
__Ltext31                      text31       000000
__Ltext32                      text32       000000
__Ltext33                      text33       000000
__Ltext34                      text34       000000
__Ltext35                      text35       000000
__Ltext36                      text36       000000
__Ltext37                      text37       000000
__Ltext38                      text38       000000
__Ltext39                      text39       000000
__Ltext4                       text4        000000
__Ltext40                      text40       000000
__Ltext5                       text5        000000
__Ltext6                       text6        000000
__Ltext7                       text7        000000
__Ltext8                       text8        000000
__Ltext9                       text9        000000
__S0                           (abs)        003E10
__S1                           (abs)        0001A0
__S2                           (abs)        000000
__S4                           (abs)        000000
__S5                           (abs)        000000
___awdiv                       text19       0034F8
___awdiv@counter               cstackCOMRAM 000005
___awdiv@dividend              cstackCOMRAM 000001
___awdiv@divisor               cstackCOMRAM 000003
___awdiv@quotient              cstackCOMRAM 000007
___awdiv@sign                  cstackCOMRAM 000006
___awmod                       text18       0035BC
___awmod@counter               cstackCOMRAM 000005
___awmod@dividend              cstackCOMRAM 000001
___awmod@divisor               cstackCOMRAM 000003
___awmod@sign                  cstackCOMRAM 000006
___fladd                       text38       00148A
___fladd@a                     cstackCOMRAM 000032
___fladd@aexp                  cstackCOMRAM 00003B
___fladd@b                     cstackCOMRAM 00002E
___fladd@bexp                  cstackCOMRAM 00003C
___fladd@grs                   cstackCOMRAM 00003D
___fladd@signs                 cstackCOMRAM 00003A
___fldiv                       text26       0021E2
___fldiv@a                     cstackCOMRAM 000032
___fldiv@aexp                  cstackCOMRAM 000046
___fldiv@b                     cstackCOMRAM 00002E
___fldiv@bexp                  cstackCOMRAM 000045
___fldiv@grs                   cstackCOMRAM 000041
___fldiv@new_exp               cstackCOMRAM 00003F
___fldiv@rem                   cstackCOMRAM 00003A
___fldiv@sign                  cstackCOMRAM 00003E
___fleq                        text17       00366C
___fleq@ff1                    cstackCOMRAM 000001
___fleq@ff2                    cstackCOMRAM 000005
___flge                        text40       003090
___flge@ff1                    cstackCOMRAM 00002E
___flge@ff2                    cstackCOMRAM 000032
___flmul                       text39       001DB8
___flmul@a                     cstackCOMRAM 000019
___flmul@aexp                  cstackCOMRAM 000026
___flmul@b                     cstackCOMRAM 000015
___flmul@bexp                  cstackCOMRAM 000027
___flmul@grs                   cstackCOMRAM 000022
___flmul@prod                  cstackCOMRAM 000028
___flmul@sign                  cstackCOMRAM 000021
___flmul@temp                  cstackCOMRAM 00002C
___flneg                       text16       003CB4
___flneg@f1                    cstackCOMRAM 000001
___flsub                       text37       003BB0
___flsub@a                     cstackCOMRAM 000042
___flsub@b                     cstackCOMRAM 00003E
___fltol                       text25       002F8A
___fltol@exp1                  cstackCOMRAM 000050
___fltol@f1                    cstackCOMRAM 000047
___fltol@sign1                 cstackCOMRAM 00004F
___fpclassifyf                 text15       003194
___fpclassifyf@F465            bssBANK1     000104
___fpclassifyf@e               cstackCOMRAM 000009
___fpclassifyf@u               cstackCOMRAM 00000B
___fpclassifyf@x               cstackCOMRAM 000001
___inthi_sp                    stack        000000
___intlo_sp                    stack        000000
___lldiv                       text32       003716
___lldiv@counter               cstackCOMRAM 00000D
___lldiv@dividend              cstackCOMRAM 000001
___lldiv@divisor               cstackCOMRAM 000005
___lldiv@quotient              cstackCOMRAM 000009
___param_bank                  (abs)        000000
___rparam_used                 (abs)        000001
___sp                          stack        000000
___wmul                        text23       003DB6
___wmul@multiplicand           cstackCOMRAM 000003
___wmul@multiplier             cstackCOMRAM 000001
___wmul@product                cstackCOMRAM 000005
___xxtofl                      text29       002ACC
___xxtofl@arg                  cstackCOMRAM 00000B
___xxtofl@exp                  cstackCOMRAM 00000A
___xxtofl@sign                 cstackCOMRAM 000009
___xxtofl@val                  cstackCOMRAM 000001
__accesstop                    (abs)        000060
__activetblptr                 (abs)        000002
__end_of_CalculoControlPID     text36       0028BA
__end_of_ControladorPID_init   text35       00394E
__end_of_USART_PutChar         text34       003E0E
__end_of_USART_PutString       text33       003D8A
__end_of_USART_init            text31       003BB0
__end_of___awdiv               text19       0035BC
__end_of___awmod               text18       00366C
__end_of___fladd               text38       00194A
__end_of___fldiv               text26       00257C
__end_of___fleq                text17       003716
__end_of___flge                text40       003194
__end_of___flmul               text39       0021E2
__end_of___flneg               text16       003CEC
__end_of___flsub               text37       003BF6
__end_of___fltol               text25       003090
__end_of___fpclassifyf         text15       003292
__end_of___lldiv               text32       0037BA
__end_of___wmul                text23       003DDC
__end_of___xxtofl              text29       002C80
__end_of__initialization       cinit        003C72
__end_of_adc_init              text30       003DF8
__end_of_analogic_read         text28       003B60
__end_of_atoi                  text20       002E10
__end_of_efgtoa                text5        00148A
__end_of_floorf                text14       002ACC
__end_of_fputc                 text12       003432
__end_of_fputs                 text11       003C3A
__end_of_isdigit               text22       003D24
__end_of_isspace               text21       003B10
__end_of_isupper               text7        003CB4
__end_of_main                  text0        002F8A
__end_of_pad                   text9        0034F8
__end_of_putch                 text13       003E10
__end_of_pwm_init              text27       003854
__end_of_set_duty_cpp1         text24       0038DC
__end_of_sprintf               text1        003ABE
__end_of_strcpy                text8        003A6C
__end_of_strlen                text10       003D5A
__end_of_strncmp               text4        003368
__end_of_tolower               text6        003A10
__end_of_vfpfcnvrt             text3        001DB8
__end_of_vfprintf              text2        0039B0
__initialization               cinit        003C3A
__mediumconst                  mediumconst  000000
__pbssBANK0                    bssBANK0     0000F7
__pbssBANK1                    bssBANK1     000100
__pcinit                       cinit        003C3A
__pcstackBANK0                 cstackBANK0  000060
__pcstackCOMRAM                cstackCOMRAM 000001
__pdataBANK1                   dataBANK1    000174
__pidataBANK1                  idataBANK1   003D8A
__psmallconst                  smallconst   000800
__ptext0                       text0        002E10
__ptext1                       text1        003A6C
__ptext10                      text10       003D24
__ptext11                      text11       003BF6
__ptext12                      text12       003368
__ptext13                      text13       003E0E
__ptext14                      text14       0028BA
__ptext15                      text15       003194
__ptext16                      text16       003CB4
__ptext17                      text17       00366C
__ptext18                      text18       0035BC
__ptext19                      text19       0034F8
__ptext2                       text2        00394E
__ptext20                      text20       002C80
__ptext21                      text21       003ABE
__ptext22                      text22       003CEC
__ptext23                      text23       003DB6
__ptext24                      text24       003854
__ptext25                      text25       002F8A
__ptext26                      text26       0021E2
__ptext27                      text27       0037BA
__ptext28                      text28       003B10
__ptext29                      text29       002ACC
__ptext3                       text3        00194A
__ptext30                      text30       003DDC
__ptext31                      text31       003B60
__ptext32                      text32       003716
__ptext33                      text33       003D5A
__ptext34                      text34       003DF8
__ptext35                      text35       0038DC
__ptext36                      text36       00257C
__ptext37                      text37       003BB0
__ptext38                      text38       00148A
__ptext39                      text39       001DB8
__ptext4                       text4        003292
__ptext40                      text40       003090
__ptext5                       text5        000832
__ptext6                       text6        0039B0
__ptext7                       text7        003C7C
__ptext8                       text8        003A10
__ptext9                       text9        003432
__ramtop                       ramtop       000800
__size_of_CalculoControlPID    (abs)        000000
__size_of_ControladorPID_init  (abs)        000000
__size_of_USART_PutChar        (abs)        000000
__size_of_USART_PutString      (abs)        000000
__size_of_USART_init           (abs)        000000
__size_of___awdiv              (abs)        000000
__size_of___awmod              (abs)        000000
__size_of___fladd              (abs)        000000
__size_of___fldiv              (abs)        000000
__size_of___fleq               (abs)        000000
__size_of___flge               (abs)        000000
__size_of___flmul              (abs)        000000
__size_of___flneg              (abs)        000000
__size_of___flsub              (abs)        000000
__size_of___fltol              (abs)        000000
__size_of___fpclassifyf        (abs)        000000
__size_of___lldiv              (abs)        000000
__size_of___wmul               (abs)        000000
__size_of___xxtofl             (abs)        000000
__size_of_adc_init             (abs)        000000
__size_of_analogic_read        (abs)        000000
__size_of_atoi                 (abs)        000000
__size_of_efgtoa               (abs)        000000
__size_of_floorf               (abs)        000000
__size_of_fputc                (abs)        000000
__size_of_fputs                (abs)        000000
__size_of_isdigit              (abs)        000000
__size_of_isspace              (abs)        000000
__size_of_isupper              (abs)        000000
__size_of_main                 (abs)        000000
__size_of_pad                  (abs)        000000
__size_of_putch                (abs)        000000
__size_of_pwm_init             (abs)        000000
__size_of_set_duty_cpp1        (abs)        000000
__size_of_sprintf              (abs)        000000
__size_of_strcpy               (abs)        000000
__size_of_strlen               (abs)        000000
__size_of_strncmp              (abs)        000000
__size_of_tolower              (abs)        000000
__size_of_vfpfcnvrt            (abs)        000000
__size_of_vfprintf             (abs)        000000
__smallconst                   smallconst   000800
_adc_init                      text30       003DDC
_analogic_read                 text28       003B10
_atoi                          text20       002C80
_atoi$1438                     cstackCOMRAM 000010
_atoi$1439                     cstackCOMRAM 000014
_atoi$1440                     cstackCOMRAM 000012
_cadena                        bssBANK1     000160
_dbuf                          bssBANK1     000110
_efgtoa                        text5        000832
_efgtoa$1374                   cstackBANK0  000067
_efgtoa$1375                   cstackBANK0  000069
_efgtoa$1380                   cstackBANK0  00006B
_efgtoa$1384                   cstackBANK0  00006D
_efgtoa$1385                   cstackBANK0  00006F
_efgtoa$1386                   cstackBANK0  000071
_flags                         bssBANK0     0000FD
_floorf                        text14       0028BA
_fputc                         text12       003368
_fputs                         text11       003BF6
_isdigit                       text22       003CEC
_isspace                       text21       003ABE
_isspace$1469                  cstackCOMRAM 000007
_isupper                       text7        003C7C
_main                          text0        002E10
_nout                          bssBANK0     0000F7
_pad                           text9        003432
_prec                          bssBANK0     0000FB
_putch                         text13       003E0E
_pwm_init                      text27       0037BA
_referencia                    dataBANK1    00019C
_set_duty_cpp1                 text24       003854
_sprintf                       text1        003A6C
_strcpy                        text8        003A10
_strlen                        text10       003D24
_strncmp                       text4        003292
_tolower                       text6        0039B0
_tolower$1533                  cstackCOMRAM 00000D
_valor                         bssBANK1     00010C
_vfpfcnvrt                     text3        00194A
_vfpfcnvrt$1400                cstackBANK0  0000A9
_vfpfcnvrt$1404                cstackBANK0  0000AB
_vfprintf                      text2        00394E
_width                         bssBANK0     0000F9
analogic_read@channel          cstackCOMRAM 000014
atoi@n                         cstackCOMRAM 000015
atoi@neg                       cstackCOMRAM 00000E
atoi@s                         cstackCOMRAM 000008
efgtoa@c                       cstackBANK0  000066
efgtoa@d                       cstackBANK0  00007F
efgtoa@e                       cstackBANK0  000097
efgtoa@f                       cstackBANK0  000062
efgtoa@fp                      cstackBANK0  000060
efgtoa@g                       cstackBANK0  000093
efgtoa@h                       cstackBANK0  000089
efgtoa@i                       cstackBANK0  000091
efgtoa@l                       cstackBANK0  00008D
efgtoa@m                       cstackBANK0  000079
efgtoa@mode                    cstackBANK0  000088
efgtoa@n                       cstackBANK0  000099
efgtoa@ne                      cstackBANK0  000077
efgtoa@nmode                   cstackBANK0  000087
efgtoa@ou                      cstackBANK0  00007B
efgtoa@p                       cstackBANK0  000083
efgtoa@pp                      cstackBANK0  000075
efgtoa@sign                    cstackBANK0  000081
efgtoa@t                       cstackBANK0  000073
efgtoa@u                       cstackBANK0  00009B
efgtoa@w                       cstackBANK0  000085
end_of_initialization          cinit        003C72
floorf@F527                    bssBANK1     000100
floorf@e                       cstackCOMRAM 000055
floorf@m                       cstackCOMRAM 000051
floorf@u                       cstackCOMRAM 000057
floorf@x                       cstackCOMRAM 000047
fputc@c                        cstackCOMRAM 000001
fputc@fp                       cstackCOMRAM 000003
fputs@c                        cstackCOMRAM 00000E
fputs@fp                       cstackCOMRAM 00000C
fputs@i                        cstackCOMRAM 00000F
fputs@s                        cstackCOMRAM 00000A
intlevel0                      text         000000
intlevel1                      text         000000
intlevel2                      text         000000
intlevel3                      text         000000
isa$std                        (abs)        000001
isa$xinst                      (abs)        000000
isdigit@c                      cstackCOMRAM 000001
isspace@c                      cstackCOMRAM 000001
isupper@c                      cstackCOMRAM 000001
main@F3559                     dataBANK1    000174
main@PIDmotor                  cstackBANK0  0000CF
pad@buf                        cstackCOMRAM 000013
pad@fp                         cstackCOMRAM 000011
pad@i                          cstackCOMRAM 000018
pad@p                          cstackCOMRAM 000015
pad@w                          cstackCOMRAM 00001A
pwm_init@pwm1                  cstackCOMRAM 000002
pwm_init@pwm2                  cstackCOMRAM 000001
set_duty_cpp1@duty             cstackCOMRAM 000051
sprintf@ap                     cstackBANK0  0000C5
sprintf@f                      cstackBANK0  0000C7
sprintf@fmt                    cstackBANK0  0000BF
sprintf@s                      cstackBANK0  0000BD
stackhi                        (abs)        0007FF
stacklo                        (abs)        0001A0
start                          init         000000
start_initialization           cinit        003C3A
strcpy@d                       cstackCOMRAM 000009
strcpy@dest                    cstackCOMRAM 000001
strcpy@s                       cstackCOMRAM 000007
strcpy@src                     cstackCOMRAM 000003
strlen@a                       cstackCOMRAM 000003
strlen@s                       cstackCOMRAM 000001
strncmp@_l                     cstackCOMRAM 000001
strncmp@_r                     cstackCOMRAM 000003
strncmp@l                      cstackCOMRAM 000008
strncmp@n                      cstackCOMRAM 000005
strncmp@r                      cstackCOMRAM 00000A
tolower@c                      cstackCOMRAM 000007
vfpfcnvrt@ap                   cstackBANK0  0000A3
vfpfcnvrt@c                    cstackBANK0  0000B4
vfpfcnvrt@ct                   cstackBANK0  0000B1
vfpfcnvrt@f                    cstackBANK0  0000AD
vfpfcnvrt@fmt                  cstackBANK0  0000A1
vfpfcnvrt@fp                   cstackBANK0  00009F
vfprintf@ap                    cstackBANK0  0000B9
vfprintf@cfmt                  cstackBANK0  0000BB
vfprintf@fmt                   cstackBANK0  0000B7
vfprintf@fp                    cstackBANK0  0000B5


MODULE INFORMATION

Module		Function		Class		Link	Load	Size
E:\MPLAB\pic\sources\c99\common\__lldiv.c
		___lldiv       		CODE           	3716	0000	164

E:\MPLAB\pic\sources\c99\common\__lldiv.c estimated size: 164

E:\MPLAB\pic\sources\c99\common\atoi.c
		_atoi          		CODE           	2C80	0000	400

E:\MPLAB\pic\sources\c99\common\atoi.c estimated size: 400

E:\MPLAB\pic\sources\c99\common\fleq.c
		___fleq        		CODE           	366C	0000	170

E:\MPLAB\pic\sources\c99\common\fleq.c estimated size: 170

pid_control.c
		_CalculoControlPID		CODE           	257C	0000	830
		_ControladorPID_init		CODE           	38DC	0000	114

pid_control.c estimated size: 944

E:\MPLAB\pic\sources\c99\common\doprnt.c
		_vfpfcnvrt     		CODE           	194A	0000	1134
		_efgtoa        		CODE           	0832	0000	3160
		_pad           		CODE           	3432	0000	198
		_vfprintf      		CODE           	394E	0000	98

E:\MPLAB\pic\sources\c99\common\doprnt.c estimated size: 4590

E:\MPLAB\pic\sources\c99\common\flneg.c
		___flneg       		CODE           	3CB4	0000	56

E:\MPLAB\pic\sources\c99\common\flneg.c estimated size: 56

E:\MPLAB\pic\sources\c99\common\isdigit.c
		_isdigit       		CODE           	3CEC	0000	56

E:\MPLAB\pic\sources\c99\common\isdigit.c estimated size: 56

E:\MPLAB\pic\sources\c99\common\sprcadd.c
		___flsub       		CODE           	3BB0	0000	70
		___fladd       		CODE           	148A	0000	1216

E:\MPLAB\pic\sources\c99\common\sprcadd.c estimated size: 1286

E:\MPLAB\pic\sources\c99\common\nf_sprintf.c
		_sprintf       		CODE           	3A6C	0000	82

E:\MPLAB\pic\sources\c99\common\nf_sprintf.c estimated size: 82

E:\MPLAB\pic\sources\c99\common\Umul16.c
		___wmul        		CODE           	3DB6	0000	38

E:\MPLAB\pic\sources\c99\common\Umul16.c estimated size: 38

E:\MPLAB\pic\sources\c99\common\nf_fputs.c
		_fputs         		CODE           	3BF6	0000	68

E:\MPLAB\pic\sources\c99\common\nf_fputs.c estimated size: 68

E:\MPLAB\pic\sources\c99\common\putch.c
		_putch         		CODE           	3E0E	0000	2

E:\MPLAB\pic\sources\c99\common\putch.c estimated size: 2

E:\MPLAB\pic\sources\c99\common\__fpclassifyf.c
		___fpclassifyf 		CODE           	3194	0000	254

E:\MPLAB\pic\sources\c99\common\__fpclassifyf.c estimated size: 254

E:\MPLAB\pic\sources\c99\common\flge.c
		___flge        		CODE           	3090	0000	260

E:\MPLAB\pic\sources\c99\common\flge.c estimated size: 260

E:\MPLAB\pic\sources\c99\common\isupper.c
		_isupper       		CODE           	3C7C	0000	56

E:\MPLAB\pic\sources\c99\common\isupper.c estimated size: 56

E:\MPLAB\pic\sources\c99\common\xxtofl.c
		___xxtofl      		CODE           	2ACC	0000	436

E:\MPLAB\pic\sources\c99\common\xxtofl.c estimated size: 436

E:\MPLAB\pic\sources\c99\common\awmod.c
		___awmod       		CODE           	35BC	0000	176

E:\MPLAB\pic\sources\c99\common\awmod.c estimated size: 176

shared
		__initialization		CODE           	3C3A	0000	56

shared estimated size: 56

E:\MPLAB\pic\sources\c99\common\strlen.c
		_strlen        		CODE           	3D24	0000	54

E:\MPLAB\pic\sources\c99\common\strlen.c estimated size: 54

E:\MPLAB\pic\sources\c99\common\floorf.c
		_floorf        		CODE           	28BA	0000	530

E:\MPLAB\pic\sources\c99\common\floorf.c estimated size: 530

E:\MPLAB\pic\sources\c99\common\strcpy.c
		_strcpy        		CODE           	3A10	0000	92

E:\MPLAB\pic\sources\c99\common\strcpy.c estimated size: 92

E:\MPLAB\pic\sources\c99\common\nf_fputc.c
		_fputc         		CODE           	3368	0000	202

E:\MPLAB\pic\sources\c99\common\nf_fputc.c estimated size: 202

E:\MPLAB\pic\sources\c99\common\fltol.c
		___fltol       		CODE           	2F8A	0000	262

E:\MPLAB\pic\sources\c99\common\fltol.c estimated size: 262

E:\MPLAB\pic\sources\c99\common\sprcmul.c
		___flmul       		CODE           	1DB8	0000	1066

E:\MPLAB\pic\sources\c99\common\sprcmul.c estimated size: 1066

E:\MPLAB\pic\sources\c99\common\sprcdiv.c
		___fldiv       		CODE           	21E2	0000	922

E:\MPLAB\pic\sources\c99\common\sprcdiv.c estimated size: 922

E:\MPLAB\pic\sources\c99\common\isspace.c
		_isspace       		CODE           	3ABE	0000	82

E:\MPLAB\pic\sources\c99\common\isspace.c estimated size: 82

main.c
		_main          		CODE           	2E10	0000	378

main.c estimated size: 378

E:\MPLAB\pic\sources\c99\common\awdiv.c
		___awdiv       		CODE           	34F8	0000	196

E:\MPLAB\pic\sources\c99\common\awdiv.c estimated size: 196

E:\MPLAB\pic\sources\c99\common\strncmp.c
		_strncmp       		CODE           	3292	0000	214

E:\MPLAB\pic\sources\c99\common\strncmp.c estimated size: 214

E:\MPLAB\pic\sources\c99\common\tolower.c
		_tolower       		CODE           	39B0	0000	96

E:\MPLAB\pic\sources\c99\common\tolower.c estimated size: 96

librerias.c
		_USART_PutString		CODE           	3D5A	0000	48
		_pwm_init      		CODE           	37BA	0000	154
		_adc_init      		CODE           	3DDC	0000	28
		_analogic_read 		CODE           	3B10	0000	80
		_USART_PutChar 		CODE           	3DF8	0000	22
		_set_duty_cpp1 		CODE           	3854	0000	136
		_USART_init    		CODE           	3B60	0000	80

librerias.c estimated size: 548

