Microchip MPLAB XC8 Compiler V2.32

Linker command line:

-W-3 --edf=E:\MPLAB\pic\dat\en_msgs.txt -cn \
  -h+dist/default/production\pwm.X.production.sym \
  --cmf=dist/default/production\pwm.X.production.cmf -z -Q18F4550 \
  -oC:\Users\Vland\AppData\Local\Temp\xcAs1d4.4 --defsym=__MPLAB_BUILD=1 \
  -Mdist/default/production/pwm.X.production.map -E1 -ver=XC8 Compiler \
  --acfsm=1493 -ASTACK=060h-07FFh -pstack=STACK -ACODE=00h-07FFFh \
  -ACONST=00h-07FFFh -ASMALLCONST=0800h-08FFhx120 \
  -AMEDIUMCONST=0800h-07FFFh -ACOMRAM=01h-05Fh -AABS1=00h-07FFh \
  -ABIGRAM=01h-07FFh -ARAM=060h-0FFh,0100h-01FFhx7 -ABANK0=060h-0FFh \
  -ABANK1=0100h-01FFh -ABANK2=0200h-02FFh -ABANK3=0300h-03FFh \
  -ABANK4=0400h-04FFh -ABANK5=0500h-05FFh -ABANK6=0600h-06FFh \
  -ABANK7=0700h-07FFh -ASFR=0F60h-0FFFh -ACONFIG=0300000h-030000Dh \
  -AIDLOC=0200000h-0200007h -AEEDATA=0F00000h-0F000FFh -peeprom_data=EEDATA \
  -preset_vec=00h,intcode,intcodelo,powerup,init -pramtop=0800h \
  -psmallconst=SMALLCONST -pmediumconst=MEDIUMCONST -pconst=CONST \
  -AFARRAM=00h-00h \
  -prdata=COMRAM,nvrram=COMRAM,nvbit=COMRAM,rbss=COMRAM,rbit=COMRAM \
  -pfarbss=FARRAM,fardata=FARRAM,nvFARRAM=FARRAM \
  -pintsave_regs=BIGRAM,bigbss=BIGRAM,bigdata=BIGRAM -pbss=RAM \
  -pidata=CODE,irdata=CODE,ibigdata=CODE,ifardata=CODE -prparam=COMRAM \
  C:\Users\Vland\AppData\Local\Temp\xcAs1d4.o \
  dist/default/production\pwm.X.production.o 

Object code version is 3.11

Machine type is 18F4550



                Name                               Link     Load   Length Selector   Space Scale
C:\Users\Vland\AppData\Local\Temp\xcAs1d4.o
                idloc                            200000   200000        8        0       5
                config                           300000   300000        E        0       4
                init                                  0        0        4        0       0
dist/default/production\pwm.X.production.o
                idloc                            200000   200000        8        0       5
                config                           300000   300000        E        0       4
                text7                              74E8     74E8       9A     3A74       0
                text6                              783C     783C      39A     3C1E       0
                text5                              7BD6     7BD6      42A     3DEB       0
                text4                              7582     7582      106     3AC1       0
                text3                              7688     7688      1B4     3B44       0
                text2                              73D8     73D8       88     39EC       0
                text1                              7460     7460       88     3A30       0
                text0                              7396     7396       42     39CB       0
                cstackCOMRAM                          1        1       42        1       1
                cinit                              7390     7390        6     39C8       0

TOTAL           Name                               Link     Load   Length     Space
        CLASS   STACK          

        CLASS   CODE           
                init                                  0        0        4         0
                text7                              74E8     74E8       9A         0
                text6                              783C     783C      39A         0
                text5                              7BD6     7BD6      42A         0
                text4                              7582     7582      106         0
                text3                              7688     7688      1B4         0
                text2                              73D8     73D8       88         0
                text1                              7460     7460       88         0
                text0                              7396     7396       42         0
                cinit                              7390     7390        6         0

        CLASS   CONST          

        CLASS   SMALLCONST     

        CLASS   MEDIUMCONST    

        CLASS   COMRAM         
                cstackCOMRAM                          1        1       42         1

        CLASS   ABS1           

        CLASS   BIGRAM         

        CLASS   RAM            

        CLASS   BANK0          

        CLASS   BANK1          

        CLASS   BANK2          

        CLASS   BANK3          

        CLASS   BANK4          

        CLASS   BANK5          

        CLASS   BANK6          

        CLASS   BANK7          

        CLASS   SFR            

        CLASS   CONFIG         
                config                           300000   300000        E         4

        CLASS   IDLOC          
                idloc                            200000   200000        8         5

        CLASS   EEDATA         

        CLASS   FARRAM         



SEGMENTS        Name                           Load    Length   Top    Selector   Space  Class

                reset_vec                      000000  000004  000004         0       0  CODE    
                cstackCOMRAM                   000001  000042  000043         1       1  COMRAM  
                cinit                          007390  000006  007396      39C8       0  CODE    
                text0                          007396  000042  0073D8      39CB       0  CODE    
                text2                          0073D8  000088  007460      39EC       0  CODE    
                text1                          007460  000088  0074E8      3A30       0  CODE    
                text7                          0074E8  00009A  007582      3A74       0  CODE    
                text4                          007582  000106  007688      3AC1       0  CODE    
                text3                          007688  0001B4  00783C      3B44       0  CODE    
                text6                          00783C  00039A  007BD6      3C1E       0  CODE    
                text5                          007BD6  00042A  008000      3DEB       0  CODE    


UNUSED ADDRESS RANGES

        Name                Unused          Largest block    Delta
        BANK0            000060-0000FF               A0
        BANK1            000100-0001FF              100
        BANK2            000200-0002FF              100
        BANK3            000300-0003FF              100
        BANK4            000400-0004FF              100
        BANK5            000500-0005FF              100
        BANK6            000600-0006FF              100
        BANK7            000700-0007FF              100
        BIGRAM           000043-0007FF              7BD
        CODE             000004-00738F             738C
        COMRAM           000043-00005F               1D
        CONST            000004-00738F             738C
        EEDATA           F00000-F000FF              100
        MEDIUMCONST      000800-00738F             6B90
        RAM              000060-0007FF              100
        SFR              000F60-000FFF               A0
        SMALLCONST       000800-00738F              100
        STACK            000060-0007FF              7A0

                                  Symbol Table

?___fldiv                cstackCOMRAM 000001
?___flmul                cstackCOMRAM 00001A
?___fltol                cstackCOMRAM 000033
?___xxtofl               cstackCOMRAM 000001
_ADCON1                  (abs)        000FC1
_CCP1CON                 (abs)        000FBD
_CCP2CON                 (abs)        000FBA
_CCPR1L                  (abs)        000FBE
_CCPR2L                  (abs)        000FBB
_PR2                     (abs)        000FCB
_T2CON                   (abs)        000FCA
_T2CONbits               (abs)        000FCA
_TMR2                    (abs)        000FCC
_TRISC                   (abs)        000F94
__HRAM                   (abs)        000000
__Habs1                  abs1         000000
__Hbank0                 bank0        000000
__Hbank1                 bank1        000000
__Hbank2                 bank2        000000
__Hbank3                 bank3        000000
__Hbank4                 bank4        000000
__Hbank5                 bank5        000000
__Hbank6                 bank6        000000
__Hbank7                 bank7        000000
__Hbigbss                bigbss       000000
__Hbigdata               bigdata      000000
__Hbigram                bigram       000000
__Hbss                   bss          000000
__Hcinit                 cinit        000000
__Hclrtext               clrtext      000000
__Hcomram                comram       000000
__Hconfig                config       30000E
__Hconst                 const        000000
__HcstackCOMRAM          cstackCOMRAM 000000
__Hdata                  data         000000
__Heeprom_data           eeprom_data  000000
__Hfarbss                farbss       000000
__Hfardata               fardata      000000
__Hibigdata              ibigdata     000000
__Hidata                 idata        000000
__Hidloc                 idloc        200008
__Hifardata              ifardata     000000
__Hinit                  init         000004
__Hintcode               intcode      000000
__Hintcode_body          intcode_body 000000
__Hintcodelo             intcodelo    000000
__Hintentry              intentry     000000
__Hintret                intret       000000
__Hintsave_regs          intsave_regs 000000
__Hirdata                irdata       000000
__Hmediumconst           mediumconst  000000
__HnvFARRAM              nvFARRAM     000000
__Hnvbit                 nvbit        000000
__Hnvrram                nvrram       000000
__Hparam                 rparam       000000
__Hpowerup               powerup      000000
__Hram                   ram          000000
__Hramtop                ramtop       000800
__Hrbit                  rbit         000000
__Hrbss                  rbss         000000
__Hrdata                 rdata        000000
__Hreset_vec             reset_vec    000000
__Hrparam                rparam       000000
__Hsfr                   sfr          000000
__Hsmallconst            smallconst   000000
__Hspace_0               (abs)        008000
__Hspace_1               (abs)        000043
__Hspace_2               (abs)        000000
__Hspace_4               (abs)        60000E
__Hstack                 stack        000000
__Hstruct                struct       000000
__Htemp                  temp         000000
__Htext                  text         000000
__Htext0                 text0        000000
__Htext1                 text1        000000
__Htext2                 text2        000000
__Htext3                 text3        000000
__Htext4                 text4        000000
__Htext5                 text5        000000
__Htext6                 text6        000000
__Htext7                 text7        000000
__LRAM                   (abs)        000001
__Labs1                  abs1         000000
__Lbank0                 bank0        000000
__Lbank1                 bank1        000000
__Lbank2                 bank2        000000
__Lbank3                 bank3        000000
__Lbank4                 bank4        000000
__Lbank5                 bank5        000000
__Lbank6                 bank6        000000
__Lbank7                 bank7        000000
__Lbigbss                bigbss       000000
__Lbigdata               bigdata      000000
__Lbigram                bigram       000000
__Lbss                   bss          000000
__Lcinit                 cinit        000000
__Lclrtext               clrtext      000000
__Lcomram                comram       000000
__Lconfig                config       000000
__Lconst                 const        000000
__LcstackCOMRAM          cstackCOMRAM 000000
__Ldata                  data         000000
__Leeprom_data           eeprom_data  000000
__Lfarbss                farbss       000000
__Lfardata               fardata      000000
__Libigdata              ibigdata     000000
__Lidata                 idata        000000
__Lidloc                 idloc        000000
__Lifardata              ifardata     000000
__Linit                  init         000000
__Lintcode               intcode      000000
__Lintcode_body          intcode_body 000000
__Lintcodelo             intcodelo    000000
__Lintentry              intentry     000000
__Lintret                intret       000000
__Lintsave_regs          intsave_regs 000000
__Lirdata                irdata       000000
__Lmediumconst           mediumconst  000000
__LnvFARRAM              nvFARRAM     000000
__Lnvbit                 nvbit        000000
__Lnvrram                nvrram       000000
__Lparam                 rparam       000000
__Lpowerup               powerup      000000
__Lram                   ram          000000
__Lramtop                ramtop       000800
__Lrbit                  rbit         000000
__Lrbss                  rbss         000000
__Lrdata                 rdata        000000
__Lreset_vec             reset_vec    000000
__Lrparam                rparam       000000
__Lsfr                   sfr          000000
__Lsmallconst            smallconst   000000
__Lspace_0               (abs)        000000
__Lspace_1               (abs)        000000
__Lspace_2               (abs)        000000
__Lspace_4               (abs)        000000
__Lstack                 stack        000000
__Lstruct                struct       000000
__Ltemp                  temp         000000
__Ltext                  text         000000
__Ltext0                 text0        000000
__Ltext1                 text1        000000
__Ltext2                 text2        000000
__Ltext3                 text3        000000
__Ltext4                 text4        000000
__Ltext5                 text5        000000
__Ltext6                 text6        000000
__Ltext7                 text7        000000
__S0                     (abs)        008000
__S1                     (abs)        000043
__S2                     (abs)        000000
__S4                     (abs)        000000
__S5                     (abs)        000000
___fldiv                 text6        00783C
___fldiv@a               cstackCOMRAM 000005
___fldiv@aexp            cstackCOMRAM 000019
___fldiv@b               cstackCOMRAM 000001
___fldiv@bexp            cstackCOMRAM 000018
___fldiv@grs             cstackCOMRAM 000014
___fldiv@new_exp         cstackCOMRAM 000012
___fldiv@rem             cstackCOMRAM 00000D
___fldiv@sign            cstackCOMRAM 000011
___flmul                 text5        007BD6
___flmul@a               cstackCOMRAM 00001E
___flmul@aexp            cstackCOMRAM 00002B
___flmul@b               cstackCOMRAM 00001A
___flmul@bexp            cstackCOMRAM 00002C
___flmul@grs             cstackCOMRAM 000027
___flmul@prod            cstackCOMRAM 00002D
___flmul@sign            cstackCOMRAM 000026
___flmul@temp            cstackCOMRAM 000031
___fltol                 text4        007582
___fltol@exp1            cstackCOMRAM 00003C
___fltol@f1              cstackCOMRAM 000033
___fltol@sign1           cstackCOMRAM 00003B
___inthi_sp              stack        000000
___intlo_sp              stack        000000
___param_bank            (abs)        000000
___rparam_used           (abs)        000001
___sp                    stack        000000
___xxtofl                text3        007688
___xxtofl@arg            cstackCOMRAM 00000B
___xxtofl@exp            cstackCOMRAM 00000A
___xxtofl@sign           cstackCOMRAM 000009
___xxtofl@val            cstackCOMRAM 000001
__accesstop              (abs)        000060
__activetblptr           (abs)        000000
__end_of___fldiv         text6        007BD6
__end_of___flmul         text5        008000
__end_of___fltol         text4        007688
__end_of___xxtofl        text3        00783C
__end_of__initialization cinit        007390
__end_of_main            text0        0073D8
__end_of_pwm_init        text7        007582
__end_of_set_duty_cpp1   text2        007460
__end_of_set_duty_cpp2   text1        0074E8
__initialization         cinit        007390
__mediumconst            mediumconst  000000
__pcinit                 cinit        007390
__pcstackCOMRAM          cstackCOMRAM 000001
__ptext0                 text0        007396
__ptext1                 text1        007460
__ptext2                 text2        0073D8
__ptext3                 text3        007688
__ptext4                 text4        007582
__ptext5                 text5        007BD6
__ptext6                 text6        00783C
__ptext7                 text7        0074E8
__ramtop                 ramtop       000800
__size_of___fldiv        (abs)        000000
__size_of___flmul        (abs)        000000
__size_of___fltol        (abs)        000000
__size_of___xxtofl       (abs)        000000
__size_of_main           (abs)        000000
__size_of_pwm_init       (abs)        000000
__size_of_set_duty_cpp1  (abs)        000000
__size_of_set_duty_cpp2  (abs)        000000
__smallconst             smallconst   000000
_main                    text0        007396
_pwm_init                text7        0074E8
_set_duty_cpp1           text2        0073D8
_set_duty_cpp2           text1        007460
end_of_initialization    cinit        007390
intlevel0                text         000000
intlevel1                text         000000
intlevel2                text         000000
intlevel3                text         000000
isa$std                  (abs)        000001
isa$xinst                (abs)        000000
pwm_init@pwm1            cstackCOMRAM 000002
pwm_init@pwm2            cstackCOMRAM 000001
set_duty_cpp1@duty       cstackCOMRAM 00003D
set_duty_cpp2@duty       cstackCOMRAM 00003D
stackhi                  (abs)        0007FF
stacklo                  (abs)        000060
start                    init         000000
start_initialization     cinit        007390


MODULE INFORMATION

Module		Function		Class		Link	Load	Size
E:\MPLAB\pic\sources\c99\common\xxtofl.c
		___xxtofl      		CODE           	7688	0000	436

E:\MPLAB\pic\sources\c99\common\xxtofl.c estimated size: 436

shared
		__initialization		CODE           	7390	0000	1

shared estimated size: 1

E:\MPLAB\pic\sources\c99\common\fltol.c
		___fltol       		CODE           	7582	0000	262

E:\MPLAB\pic\sources\c99\common\fltol.c estimated size: 262

E:\MPLAB\pic\sources\c99\common\sprcmul.c
		___flmul       		CODE           	7BD6	0000	1066

E:\MPLAB\pic\sources\c99\common\sprcmul.c estimated size: 1066

E:\MPLAB\pic\sources\c99\common\sprcdiv.c
		___fldiv       		CODE           	783C	0000	922

E:\MPLAB\pic\sources\c99\common\sprcdiv.c estimated size: 922

main.c
		_main          		CODE           	7396	0000	66
		_pwm_init      		CODE           	74E8	0000	154
		_set_duty_cpp1 		CODE           	73D8	0000	136
		_set_duty_cpp2 		CODE           	7460	0000	136

main.c estimated size: 492

