Microchip MPLAB XC8 Compiler V2.32

Linker command line:

-W-3 --edf=E:\MPLAB\pic\dat\en_msgs.txt -cn \
  -h+dist/default/production\Lcd_pic.X.production.sym \
  --cmf=dist/default/production\Lcd_pic.X.production.cmf -z -Q18F4550 \
  -oC:\Users\Vland\AppData\Local\Temp\xcAs1g94.4 --defsym=__MPLAB_BUILD=1 \
  -Mdist/default/production/Lcd_pic.X.production.map -E1 -ver=XC8 Compiler \
  --acfsm=1493 -ASTACK=060h-07FFh -pstack=STACK -ACODE=00h-07FFFh \
  -ACONST=00h-07FFFh -ASMALLCONST=0800h-08FFhx120 \
  -AMEDIUMCONST=0800h-07FFFh -ACOMRAM=01h-05Fh -AABS1=00h-07FFh \
  -ABIGRAM=01h-07FFh -ARAM=060h-0FFh,0100h-01FFhx7 -ABANK0=060h-0FFh \
  -ABANK1=0100h-01FFh -ABANK2=0200h-02FFh -ABANK3=0300h-03FFh \
  -ABANK4=0400h-04FFh -ABANK5=0500h-05FFh -ABANK6=0600h-06FFh \
  -ABANK7=0700h-07FFh -ASFR=0F60h-0FFFh -ACONFIG=0300000h-030000Dh \
  -AIDLOC=0200000h-0200007h -AEEDATA=0F00000h-0F000FFh -peeprom_data=EEDATA \
  -preset_vec=00h,intcode,intcodelo,powerup,init -pramtop=0800h \
  -psmallconst=SMALLCONST -pmediumconst=MEDIUMCONST -pconst=CONST \
  -AFARRAM=00h-00h \
  -prdata=COMRAM,nvrram=COMRAM,nvbit=COMRAM,rbss=COMRAM,rbit=COMRAM \
  -pfarbss=FARRAM,fardata=FARRAM,nvFARRAM=FARRAM \
  -pintsave_regs=BIGRAM,bigbss=BIGRAM,bigdata=BIGRAM -pbss=RAM \
  -pidata=CODE,irdata=CODE,ibigdata=CODE,ifardata=CODE -prparam=COMRAM \
  C:\Users\Vland\AppData\Local\Temp\xcAs1g94.o \
  dist/default/production\Lcd_pic.X.production.o 

Object code version is 3.11

Machine type is 18F4550



                Name                               Link     Load   Length Selector   Space Scale
C:\Users\Vland\AppData\Local\Temp\xcAs1g94.o
                idloc                            200000   200000        8        0       5
                config                           300000   300000        E        0       4
                init                                  0        0        4        0       0
dist/default/production\Lcd_pic.X.production.o
                idloc                            200000   200000        8        0       5
                config                           300000   300000        E        0       4
                smallconst                          800      800       1A      400       0
                text7                               8EC      8EC       5C      40D       0
                text6                               A0A      A0A       18      40D       0
                text5                               81A      81A       70      40D       0
                text4                               948      948       48      40D       0
                text3                               9D4      9D4       36      40D       0
                text2                               A30      A30        E      40D       0
                text1                               88A      88A       62      40D       0
                text0                               990      990       44      40D       0
                cstackCOMRAM                          1        1        7        1       1
                cinit                               A22      A22        E      40D       0

TOTAL           Name                               Link     Load   Length     Space
        CLASS   STACK          

        CLASS   CODE           
                init                                  0        0        4         0
                text7                               8EC      8EC       5C         0
                text6                               A0A      A0A       18         0
                text5                               81A      81A       70         0
                text4                               948      948       48         0
                text3                               9D4      9D4       36         0
                text2                               A30      A30        E         0
                text1                               88A      88A       62         0
                text0                               990      990       44         0
                cinit                               A22      A22        E         0

        CLASS   CONST          

        CLASS   SMALLCONST     
                smallconst                          800      800       1A         0

        CLASS   MEDIUMCONST    

        CLASS   COMRAM         
                cstackCOMRAM                          1        1        7         1

        CLASS   ABS1           

        CLASS   BIGRAM         

        CLASS   RAM            

        CLASS   BANK0          

        CLASS   BANK1          

        CLASS   BANK2          

        CLASS   BANK3          

        CLASS   BANK4          

        CLASS   BANK5          

        CLASS   BANK6          

        CLASS   BANK7          

        CLASS   SFR            

        CLASS   CONFIG         
                config                           300000   300000        E         4

        CLASS   IDLOC          
                idloc                            200000   200000        8         5

        CLASS   EEDATA         

        CLASS   FARRAM         



SEGMENTS        Name                           Load    Length   Top    Selector   Space  Class

                reset_vec                      000000  000004  000004         0       0  CODE    
                cstackCOMRAM                   000001  000007  000008         1       1  COMRAM  
                smallconst                     000800  00001A  00081A       400       0  SMALLCON
                text5                          00081A  000224  000A3E       40D       0  CODE    


UNUSED ADDRESS RANGES

        Name                Unused          Largest block    Delta
        BANK0            000060-0000FF               A0
        BANK1            000100-0001FF              100
        BANK2            000200-0002FF              100
        BANK3            000300-0003FF              100
        BANK4            000400-0004FF              100
        BANK5            000500-0005FF              100
        BANK6            000600-0006FF              100
        BANK7            000700-0007FF              100
        BIGRAM           000008-0007FF              7F8
        CODE             000004-0007FF              7FC
                         000A3E-007FFF             75C2
        COMRAM           000008-00005F               58
        CONST            000004-0007FF              7FC
                         000A3E-007FFF             75C2
        EEDATA           F00000-F000FF              100
        MEDIUMCONST      000A3E-007FFF             75C2
        RAM              000060-0007FF              100
        SFR              000F60-000FFF               A0
        SMALLCONST       000A3E-007FFF              100
        STACK            000060-0007FF              7A0

                                  Symbol Table

LCD_Caracter@High4       cstackCOMRAM 000003
LCD_Caracter@Low4        cstackCOMRAM 000002
LCD_Caracter@data        cstackCOMRAM 000004
LCD_Comand@cmd           cstackCOMRAM 000002
LCD_Data@Data            cstackCOMRAM 000001
LCD_String@caden         cstackCOMRAM 000005
Set_Cursor@High4         cstackCOMRAM 000006
Set_Cursor@Low4          cstackCOMRAM 000005
Set_Cursor@Temp          cstackCOMRAM 000007
Set_Cursor@x             cstackCOMRAM 000004
Set_Cursor@y             cstackCOMRAM 000003
_ADCON1                  (abs)        000FC1
_LATD                    (abs)        000F8C
_LCD_Caracter            text4        000948
_LCD_Comand              text6        000A0A
_LCD_Data                text7        0008EC
_LCD_Init                text5        00081A
_LCD_String              text3        0009D4
_LCD_clear               text2        000A30
_Set_Cursor              text1        00088A
_TRISD                   (abs)        000F95
__HRAM                   (abs)        000000
__Habs1                  abs1         000000
__Hbank0                 bank0        000000
__Hbank1                 bank1        000000
__Hbank2                 bank2        000000
__Hbank3                 bank3        000000
__Hbank4                 bank4        000000
__Hbank5                 bank5        000000
__Hbank6                 bank6        000000
__Hbank7                 bank7        000000
__Hbigbss                bigbss       000000
__Hbigdata               bigdata      000000
__Hbigram                bigram       000000
__Hbss                   bss          000000
__Hcinit                 cinit        000000
__Hclrtext               clrtext      000000
__Hcomram                comram       000000
__Hconfig                config       30000E
__Hconst                 const        000000
__HcstackCOMRAM          cstackCOMRAM 000000
__Hdata                  data         000000
__Heeprom_data           eeprom_data  000000
__Hfarbss                farbss       000000
__Hfardata               fardata      000000
__Hibigdata              ibigdata     000000
__Hidata                 idata        000000
__Hidloc                 idloc        200008
__Hifardata              ifardata     000000
__Hinit                  init         000004
__Hintcode               intcode      000000
__Hintcode_body          intcode_body 000000
__Hintcodelo             intcodelo    000000
__Hintentry              intentry     000000
__Hintret                intret       000000
__Hintsave_regs          intsave_regs 000000
__Hirdata                irdata       000000
__Hmediumconst           mediumconst  000000
__HnvFARRAM              nvFARRAM     000000
__Hnvbit                 nvbit        000000
__Hnvrram                nvrram       000000
__Hparam                 rparam       000000
__Hpowerup               powerup      000000
__Hram                   ram          000000
__Hramtop                ramtop       000800
__Hrbit                  rbit         000000
__Hrbss                  rbss         000000
__Hrdata                 rdata        000000
__Hreset_vec             reset_vec    000000
__Hrparam                rparam       000000
__Hsfr                   sfr          000000
__Hsmallconst            smallconst   00081A
__Hspace_0               (abs)        000A3E
__Hspace_1               (abs)        000008
__Hspace_2               (abs)        000000
__Hspace_4               (abs)        60000E
__Hstack                 stack        000000
__Hstruct                struct       000000
__Htemp                  temp         000000
__Htext                  text         000000
__Htext0                 text0        000000
__Htext1                 text1        000000
__Htext2                 text2        000000
__Htext3                 text3        000000
__Htext4                 text4        000000
__Htext5                 text5        000000
__Htext6                 text6        000000
__Htext7                 text7        000000
__LRAM                   (abs)        000001
__Labs1                  abs1         000000
__Lbank0                 bank0        000000
__Lbank1                 bank1        000000
__Lbank2                 bank2        000000
__Lbank3                 bank3        000000
__Lbank4                 bank4        000000
__Lbank5                 bank5        000000
__Lbank6                 bank6        000000
__Lbank7                 bank7        000000
__Lbigbss                bigbss       000000
__Lbigdata               bigdata      000000
__Lbigram                bigram       000000
__Lbss                   bss          000000
__Lcinit                 cinit        000000
__Lclrtext               clrtext      000000
__Lcomram                comram       000000
__Lconfig                config       000000
__Lconst                 const        000000
__LcstackCOMRAM          cstackCOMRAM 000000
__Ldata                  data         000000
__Leeprom_data           eeprom_data  000000
__Lfarbss                farbss       000000
__Lfardata               fardata      000000
__Libigdata              ibigdata     000000
__Lidata                 idata        000000
__Lidloc                 idloc        000000
__Lifardata              ifardata     000000
__Linit                  init         000000
__Lintcode               intcode      000000
__Lintcode_body          intcode_body 000000
__Lintcodelo             intcodelo    000000
__Lintentry              intentry     000000
__Lintret                intret       000000
__Lintsave_regs          intsave_regs 000000
__Lirdata                irdata       000000
__Lmediumconst           mediumconst  000000
__LnvFARRAM              nvFARRAM     000000
__Lnvbit                 nvbit        000000
__Lnvrram                nvrram       000000
__Lparam                 rparam       000000
__Lpowerup               powerup      000000
__Lram                   ram          000000
__Lramtop                ramtop       000800
__Lrbit                  rbit         000000
__Lrbss                  rbss         000000
__Lrdata                 rdata        000000
__Lreset_vec             reset_vec    000000
__Lrparam                rparam       000000
__Lsfr                   sfr          000000
__Lsmallconst            smallconst   000800
__Lspace_0               (abs)        000000
__Lspace_1               (abs)        000000
__Lspace_2               (abs)        000000
__Lspace_4               (abs)        000000
__Lstack                 stack        000000
__Lstruct                struct       000000
__Ltemp                  temp         000000
__Ltext                  text         000000
__Ltext0                 text0        000000
__Ltext1                 text1        000000
__Ltext2                 text2        000000
__Ltext3                 text3        000000
__Ltext4                 text4        000000
__Ltext5                 text5        000000
__Ltext6                 text6        000000
__Ltext7                 text7        000000
__S0                     (abs)        000A3E
__S1                     (abs)        000008
__S2                     (abs)        000000
__S4                     (abs)        000000
__S5                     (abs)        000000
___inthi_sp              stack        000000
___intlo_sp              stack        000000
___param_bank            (abs)        000000
___rparam_used           (abs)        000001
___sp                    stack        000000
__accesstop              (abs)        000060
__activetblptr           (abs)        000001
__end_of_LCD_Caracter    text4        000990
__end_of_LCD_Comand      text6        000A22
__end_of_LCD_Data        text7        000948
__end_of_LCD_Init        text5        00088A
__end_of_LCD_String      text3        000A0A
__end_of_LCD_clear       text2        000A3E
__end_of_Set_Cursor      text1        0008EC
__end_of__initialization cinit        000A22
__end_of_main            text0        0009D4
__initialization         cinit        000A22
__mediumconst            mediumconst  000000
__pcinit                 cinit        000A22
__pcstackCOMRAM          cstackCOMRAM 000001
__psmallconst            smallconst   000800
__ptext0                 text0        000990
__ptext1                 text1        00088A
__ptext2                 text2        000A30
__ptext3                 text3        0009D4
__ptext4                 text4        000948
__ptext5                 text5        00081A
__ptext6                 text6        000A0A
__ptext7                 text7        0008EC
__ramtop                 ramtop       000800
__size_of_LCD_Caracter   (abs)        000000
__size_of_LCD_Comand     (abs)        000000
__size_of_LCD_Data       (abs)        000000
__size_of_LCD_Init       (abs)        000000
__size_of_LCD_String     (abs)        000000
__size_of_LCD_clear      (abs)        000000
__size_of_Set_Cursor     (abs)        000000
__size_of_main           (abs)        000000
__smallconst             smallconst   000800
_main                    text0        000990
end_of_initialization    cinit        000A22
intlevel0                text         000000
intlevel1                text         000000
intlevel2                text         000000
intlevel3                text         000000
isa$std                  (abs)        000001
isa$xinst                (abs)        000000
stackhi                  (abs)        0007FF
stacklo                  (abs)        000060
start                    init         000000
start_initialization     cinit        000A22


MODULE INFORMATION

Module		Function		Class		Link	Load	Size
lcd_pic.c
		_LCD_String    		CODE           	09D4	0000	54
		_LCD_Init      		CODE           	081A	0000	112
		_LCD_clear     		CODE           	0A30	0000	14
		_LCD_Comand    		CODE           	0A0A	0000	24
		_LCD_Data      		CODE           	08EC	0000	92
		_Set_Cursor    		CODE           	088A	0000	98
		_LCD_Caracter  		CODE           	0948	0000	72

lcd_pic.c estimated size: 466

shared
		__initialization		CODE           	0A22	0000	1

shared estimated size: 1

main.c
		_main          		CODE           	0990	0000	68

main.c estimated size: 68

