Microchip MPLAB XC8 Compiler V2.32

Linker command line:

-W-3 --edf=E:\MPLAB\pic\dat\en_msgs.txt -cn \
  -h+dist/default/production\Adc.X.production.sym \
  --cmf=dist/default/production\Adc.X.production.cmf -z -Q18F4550 \
  -oC:\Users\Vland\AppData\Local\Temp\xcAs7m0.4 --defsym=__MPLAB_BUILD=1 \
  -Mdist/default/production/Adc.X.production.map -E1 -ver=XC8 Compiler \
  --acfsm=1493 -ASTACK=0161h-07FFh -pstack=STACK -ACODE=00h-07FFFh \
  -ACONST=00h-07FFFh -ASMALLCONST=0800h-08FFhx120 \
  -AMEDIUMCONST=0800h-07FFFh -ACOMRAM=01h-05Fh -AABS1=00h-07FFh \
  -ABIGRAM=01h-07FFh -ARAM=060h-0FFh,0100h-01FFhx7 -ABANK0=060h-0FFh \
  -ABANK1=0100h-01FFh -ABANK2=0200h-02FFh -ABANK3=0300h-03FFh \
  -ABANK4=0400h-04FFh -ABANK5=0500h-05FFh -ABANK6=0600h-06FFh \
  -ABANK7=0700h-07FFh -ASFR=0F60h-0FFFh -ACONFIG=0300000h-030000Dh \
  -AIDLOC=0200000h-0200007h -AEEDATA=0F00000h-0F000FFh -peeprom_data=EEDATA \
  -preset_vec=00h,intcode,intcodelo,powerup,init -pramtop=0800h \
  -psmallconst=SMALLCONST -pmediumconst=MEDIUMCONST -pconst=CONST \
  -AFARRAM=00h-00h \
  -prdata=COMRAM,nvrram=COMRAM,nvbit=COMRAM,rbss=COMRAM,rbit=COMRAM \
  -pfarbss=FARRAM,fardata=FARRAM,nvFARRAM=FARRAM \
  -pintsave_regs=BIGRAM,bigbss=BIGRAM,bigdata=BIGRAM -pbss=RAM \
  -pidata=CODE,irdata=CODE,ibigdata=CODE,ifardata=CODE -prparam=COMRAM \
  C:\Users\Vland\AppData\Local\Temp\xcAs7m0.o \
  dist/default/production\Adc.X.production.o 

Object code version is 3.11

Machine type is 18F4550



                Name                               Link     Load   Length Selector   Space Scale
C:\Users\Vland\AppData\Local\Temp\xcAs7m0.o
                idloc                            200000   200000        8        0       5
                config                           300000   300000        E        0       4
                init                                  0        0        4        0       0
dist/default/production\Adc.X.production.o
                idloc                            200000   200000        8        0       5
                config                           300000   300000        E        0       4
                smallconst                          800      800       38      400       0
                text38                             35A8     35A8       5C      41C       0
                text37                             393C     393C       18      41C       0
                text36                             33B8     33B8       70      41C       0
                text35                             36F8     36F8       48      41C       0
                text34                             38A8     38A8       30      41C       0
                text33                             348A     348A       62      41C       0
                text32                             3920     3920       1C      41C       0
                text31                             2794     2794      1B4      41C       0
                text30                             36A8     36A8       50      41C       0
                text29                             38D8     38D8       26      41C       0
                text28                             383A     383A       38      41C       0
                text27                             3656     3656       52      41C       0
                text26                             2948     2948      190      41C       0
                text25                             319A     319A       C4      41C       0
                text24                             325E     325E       B0      41C       0
                text23                             21E8     21E8      39A      41C       0
                text22                             330E     330E       AA      41C       0
                text21                             2D32     2D32      104      41C       0
                text20                             1DBE     1DBE      42A      41C       0
                text19                             3802     3802       38      41C       0
                text18                             1490     1490      4C0      41C       0
                text17                             3740     3740       46      41C       0
                text16                             2C2C     2C2C      106      41C       0
                text15                             2E36     2E36       FE      41C       0
                text14                             2582     2582      212      41C       0
                text13                             3954     3954        2      41C       0
                text12                             300A     300A       CA      41C       0
                text11                             3786     3786       44      41C       0
                text10                             3872     3872       36      41C       0
                text9                              30D4     30D4       C6      41C       0
                text8                              354C     354C       5C      41C       0
                text7                              37CA     37CA       38      41C       0
                text6                              34EC     34EC       60      41C       0
                text5                               838      838      C58      41C       0
                text4                              2F34     2F34       D6      41C       0
                text3                              1950     1950      46E      41C       0
                text2                              3428     3428       62      41C       0
                text1                              3604     3604       52      41C       0
                text0                              2AD8     2AD8      154      41C       0
                cstackCOMRAM                          1        1       5F        1       1
                cstackBANK0                          60       60       6D       60       1
                bssBANK1                            100      100       61      100       1
                bssBANK0                             CD       CD       29       60       1
                cinit                              38FE     38FE       22      41C       0

TOTAL           Name                               Link     Load   Length     Space
        CLASS   STACK          

        CLASS   CODE           
                init                                  0        0        4         0
                text38                             35A8     35A8       5C         0
                text37                             393C     393C       18         0
                text36                             33B8     33B8       70         0
                text35                             36F8     36F8       48         0
                text34                             38A8     38A8       30         0
                text33                             348A     348A       62         0
                text32                             3920     3920       1C         0
                text31                             2794     2794      1B4         0
                text30                             36A8     36A8       50         0
                text29                             38D8     38D8       26         0
                text28                             383A     383A       38         0
                text27                             3656     3656       52         0
                text26                             2948     2948      190         0
                text25                             319A     319A       C4         0
                text24                             325E     325E       B0         0
                text23                             21E8     21E8      39A         0
                text22                             330E     330E       AA         0
                text21                             2D32     2D32      104         0
                text20                             1DBE     1DBE      42A         0
                text19                             3802     3802       38         0
                text18                             1490     1490      4C0         0
                text17                             3740     3740       46         0
                text16                             2C2C     2C2C      106         0
                text15                             2E36     2E36       FE         0
                text14                             2582     2582      212         0
                text13                             3954     3954        2         0
                text12                             300A     300A       CA         0
                text11                             3786     3786       44         0
                text10                             3872     3872       36         0
                text9                              30D4     30D4       C6         0
                text8                              354C     354C       5C         0
                text7                              37CA     37CA       38         0
                text6                              34EC     34EC       60         0
                text5                               838      838      C58         0
                text4                              2F34     2F34       D6         0
                text3                              1950     1950      46E         0
                text2                              3428     3428       62         0
                text1                              3604     3604       52         0
                text0                              2AD8     2AD8      154         0
                cinit                              38FE     38FE       22         0

        CLASS   CONST          

        CLASS   SMALLCONST     
                smallconst                          800      800       38         0

        CLASS   MEDIUMCONST    

        CLASS   COMRAM         
                cstackCOMRAM                          1        1       5F         1

        CLASS   ABS1           

        CLASS   BIGRAM         

        CLASS   RAM            

        CLASS   BANK0          
                cstackBANK0                          60       60       6D         1
                bssBANK0                             CD       CD       29         1

        CLASS   BANK1          
                bssBANK1                            100      100       61         1

        CLASS   BANK2          

        CLASS   BANK3          

        CLASS   BANK4          

        CLASS   BANK5          

        CLASS   BANK6          

        CLASS   BANK7          

        CLASS   SFR            

        CLASS   CONFIG         
                config                           300000   300000        E         4

        CLASS   IDLOC          
                idloc                            200000   200000        8         5

        CLASS   EEDATA         

        CLASS   FARRAM         



SEGMENTS        Name                           Load    Length   Top    Selector   Space  Class

                reset_vec                      000000  000004  000004         0       0  CODE    
                cstackCOMRAM                   000001  00005F  000060         1       1  COMRAM  
                cstackBANK0                    000060  000096  0000F6        60       1  BANK0   
                bssBANK1                       000100  000061  000161       100       1  BANK1   
                smallconst                     000800  000038  000838       400       0  SMALLCON
                text5                          000838  00311E  003956       41C       0  CODE    


UNUSED ADDRESS RANGES

        Name                Unused          Largest block    Delta
        BANK0            0000F6-0000FF                A
        BANK1            000161-0001FF               9F
        BANK2            000200-0002FF              100
        BANK3            000300-0003FF              100
        BANK4            000400-0004FF              100
        BANK5            000500-0005FF              100
        BANK6            000600-0006FF              100
        BANK7            000700-0007FF              100
        BIGRAM           0000F6-0000FF                A
                         000161-0007FF              69F
        CODE             000004-0007FF              7FC
                         003956-007FFF             46AA
        CONST            000004-0007FF              7FC
                         003956-007FFF             46AA
        EEDATA           F00000-F000FF              100
        MEDIUMCONST      003956-007FFF             46AA
        RAM              0000F6-0000FF                A
                         000161-0007FF              100
        SFR              000F60-000FFF               A0
        SMALLCONST       003956-007FFF              100
        STACK            000161-0007FF              69F

                                  Symbol Table

?___awdiv                cstackCOMRAM 000001
?___awmod                cstackCOMRAM 000001
?___fladd                cstackCOMRAM 000001
?___fldiv                cstackCOMRAM 00002E
?___flmul                cstackCOMRAM 000015
?___flneg                cstackCOMRAM 000001
?___flsub                cstackCOMRAM 00002E
?___fltol                cstackCOMRAM 000001
?___fpclassifyf          cstackCOMRAM 000001
?___wmul                 cstackCOMRAM 000001
?___xxtofl               cstackCOMRAM 000001
?_analogic_read          cstackCOMRAM 00000F
?_atoi                   cstackCOMRAM 000008
?_efgtoa                 cstackBANK0  000060
?_floorf                 cstackCOMRAM 000047
?_isdigit                cstackCOMRAM 000001
?_isspace                cstackCOMRAM 000001
?_isupper                cstackCOMRAM 000001
?_pad                    cstackCOMRAM 000011
?_sprintf                cstackBANK0  0000BD
?_strlen                 cstackCOMRAM 000001
?_strncmp                cstackCOMRAM 000001
?_tolower                cstackCOMRAM 000007
?_vfpfcnvrt              cstackBANK0  00009F
?_vfprintf               cstackBANK0  0000B5
LCD_Caracter@High4       cstackCOMRAM 000003
LCD_Caracter@Low4        cstackCOMRAM 000002
LCD_Caracter@data        cstackCOMRAM 000004
LCD_Comand@cmd           cstackCOMRAM 000002
LCD_Data@Data            cstackCOMRAM 000001
LCD_String@caden         cstackCOMRAM 000005
Set_Cursor@High4         cstackCOMRAM 000006
Set_Cursor@Low4          cstackCOMRAM 000005
Set_Cursor@Temp          cstackCOMRAM 000007
Set_Cursor@x             cstackCOMRAM 000004
Set_Cursor@y             cstackCOMRAM 000003
_ADCON0                  (abs)        000FC2
_ADCON0bits              (abs)        000FC2
_ADCON1bits              (abs)        000FC1
_ADCON2bits              (abs)        000FC0
_ADRES                   (abs)        000FC3
_LATD                    (abs)        000F8C
_LCD_Caracter            text35       0036F8
_LCD_Comand              text37       00393C
_LCD_Data                text38       0035A8
_LCD_Init                text36       0033B8
_LCD_String              text34       0038A8
_Set_Cursor              text33       00348A
_TRISAbits               (abs)        000F92
_TRISD                   (abs)        000F95
__HRAM                   (abs)        000000
__Habs1                  abs1         000000
__Hbank0                 bank0        000000
__Hbank1                 bank1        000000
__Hbank2                 bank2        000000
__Hbank3                 bank3        000000
__Hbank4                 bank4        000000
__Hbank5                 bank5        000000
__Hbank6                 bank6        000000
__Hbank7                 bank7        000000
__Hbigbss                bigbss       000000
__Hbigdata               bigdata      000000
__Hbigram                bigram       000000
__Hbss                   bss          000000
__HbssBANK0              bssBANK0     000000
__HbssBANK1              bssBANK1     000000
__Hcinit                 cinit        000000
__Hclrtext               clrtext      000000
__Hcomram                comram       000000
__Hconfig                config       30000E
__Hconst                 const        000000
__HcstackBANK0           cstackBANK0  000000
__HcstackCOMRAM          cstackCOMRAM 000000
__Hdata                  data         000000
__Heeprom_data           eeprom_data  000000
__Hfarbss                farbss       000000
__Hfardata               fardata      000000
__Hibigdata              ibigdata     000000
__Hidata                 idata        000000
__Hidloc                 idloc        200008
__Hifardata              ifardata     000000
__Hinit                  init         000004
__Hintcode               intcode      000000
__Hintcode_body          intcode_body 000000
__Hintcodelo             intcodelo    000000
__Hintentry              intentry     000000
__Hintret                intret       000000
__Hintsave_regs          intsave_regs 000000
__Hirdata                irdata       000000
__Hmediumconst           mediumconst  000000
__HnvFARRAM              nvFARRAM     000000
__Hnvbit                 nvbit        000000
__Hnvrram                nvrram       000000
__Hparam                 rparam       000000
__Hpowerup               powerup      000000
__Hram                   ram          000000
__Hramtop                ramtop       000800
__Hrbit                  rbit         000000
__Hrbss                  rbss         000000
__Hrdata                 rdata        000000
__Hreset_vec             reset_vec    000000
__Hrparam                rparam       000000
__Hsfr                   sfr          000000
__Hsmallconst            smallconst   000838
__Hspace_0               (abs)        003956
__Hspace_1               (abs)        000161
__Hspace_2               (abs)        000000
__Hspace_4               (abs)        60000E
__Hstack                 stack        000000
__Hstruct                struct       000000
__Htemp                  temp         000000
__Htext                  text         000000
__Htext0                 text0        000000
__Htext1                 text1        000000
__Htext10                text10       000000
__Htext11                text11       000000
__Htext12                text12       000000
__Htext13                text13       000000
__Htext14                text14       000000
__Htext15                text15       000000
__Htext16                text16       000000
__Htext17                text17       000000
__Htext18                text18       000000
__Htext19                text19       000000
__Htext2                 text2        000000
__Htext20                text20       000000
__Htext21                text21       000000
__Htext22                text22       000000
__Htext23                text23       000000
__Htext24                text24       000000
__Htext25                text25       000000
__Htext26                text26       000000
__Htext27                text27       000000
__Htext28                text28       000000
__Htext29                text29       000000
__Htext3                 text3        000000
__Htext30                text30       000000
__Htext31                text31       000000
__Htext32                text32       000000
__Htext33                text33       000000
__Htext34                text34       000000
__Htext35                text35       000000
__Htext36                text36       000000
__Htext37                text37       000000
__Htext38                text38       000000
__Htext4                 text4        000000
__Htext5                 text5        000000
__Htext6                 text6        000000
__Htext7                 text7        000000
__Htext8                 text8        000000
__Htext9                 text9        000000
__LRAM                   (abs)        000001
__Labs1                  abs1         000000
__Lbank0                 bank0        000000
__Lbank1                 bank1        000000
__Lbank2                 bank2        000000
__Lbank3                 bank3        000000
__Lbank4                 bank4        000000
__Lbank5                 bank5        000000
__Lbank6                 bank6        000000
__Lbank7                 bank7        000000
__Lbigbss                bigbss       000000
__Lbigdata               bigdata      000000
__Lbigram                bigram       000000
__Lbss                   bss          000000
__LbssBANK0              bssBANK0     000000
__LbssBANK1              bssBANK1     000000
__Lcinit                 cinit        000000
__Lclrtext               clrtext      000000
__Lcomram                comram       000000
__Lconfig                config       000000
__Lconst                 const        000000
__LcstackBANK0           cstackBANK0  000000
__LcstackCOMRAM          cstackCOMRAM 000000
__Ldata                  data         000000
__Leeprom_data           eeprom_data  000000
__Lfarbss                farbss       000000
__Lfardata               fardata      000000
__Libigdata              ibigdata     000000
__Lidata                 idata        000000
__Lidloc                 idloc        000000
__Lifardata              ifardata     000000
__Linit                  init         000000
__Lintcode               intcode      000000
__Lintcode_body          intcode_body 000000
__Lintcodelo             intcodelo    000000
__Lintentry              intentry     000000
__Lintret                intret       000000
__Lintsave_regs          intsave_regs 000000
__Lirdata                irdata       000000
__Lmediumconst           mediumconst  000000
__LnvFARRAM              nvFARRAM     000000
__Lnvbit                 nvbit        000000
__Lnvrram                nvrram       000000
__Lparam                 rparam       000000
__Lpowerup               powerup      000000
__Lram                   ram          000000
__Lramtop                ramtop       000800
__Lrbit                  rbit         000000
__Lrbss                  rbss         000000
__Lrdata                 rdata        000000
__Lreset_vec             reset_vec    000000
__Lrparam                rparam       000000
__Lsfr                   sfr          000000
__Lsmallconst            smallconst   000800
__Lspace_0               (abs)        000000
__Lspace_1               (abs)        000000
__Lspace_2               (abs)        000000
__Lspace_4               (abs)        000000
__Lstack                 stack        000000
__Lstruct                struct       000000
__Ltemp                  temp         000000
__Ltext                  text         000000
__Ltext0                 text0        000000
__Ltext1                 text1        000000
__Ltext10                text10       000000
__Ltext11                text11       000000
__Ltext12                text12       000000
__Ltext13                text13       000000
__Ltext14                text14       000000
__Ltext15                text15       000000
__Ltext16                text16       000000
__Ltext17                text17       000000
__Ltext18                text18       000000
__Ltext19                text19       000000
__Ltext2                 text2        000000
__Ltext20                text20       000000
__Ltext21                text21       000000
__Ltext22                text22       000000
__Ltext23                text23       000000
__Ltext24                text24       000000
__Ltext25                text25       000000
__Ltext26                text26       000000
__Ltext27                text27       000000
__Ltext28                text28       000000
__Ltext29                text29       000000
__Ltext3                 text3        000000
__Ltext30                text30       000000
__Ltext31                text31       000000
__Ltext32                text32       000000
__Ltext33                text33       000000
__Ltext34                text34       000000
__Ltext35                text35       000000
__Ltext36                text36       000000
__Ltext37                text37       000000
__Ltext38                text38       000000
__Ltext4                 text4        000000
__Ltext5                 text5        000000
__Ltext6                 text6        000000
__Ltext7                 text7        000000
__Ltext8                 text8        000000
__Ltext9                 text9        000000
__S0                     (abs)        003956
__S1                     (abs)        000161
__S2                     (abs)        000000
__S4                     (abs)        000000
__S5                     (abs)        000000
___awdiv                 text25       00319A
___awdiv@counter         cstackCOMRAM 000005
___awdiv@dividend        cstackCOMRAM 000001
___awdiv@divisor         cstackCOMRAM 000003
___awdiv@quotient        cstackCOMRAM 000007
___awdiv@sign            cstackCOMRAM 000006
___awmod                 text24       00325E
___awmod@counter         cstackCOMRAM 000005
___awmod@dividend        cstackCOMRAM 000001
___awmod@divisor         cstackCOMRAM 000003
___awmod@sign            cstackCOMRAM 000006
___fladd                 text18       001490
___fladd@a               cstackCOMRAM 000005
___fladd@aexp            cstackCOMRAM 00000E
___fladd@b               cstackCOMRAM 000001
___fladd@bexp            cstackCOMRAM 00000F
___fladd@grs             cstackCOMRAM 000010
___fladd@signs           cstackCOMRAM 00000D
___fldiv                 text23       0021E8
___fldiv@a               cstackCOMRAM 000032
___fldiv@aexp            cstackCOMRAM 000046
___fldiv@b               cstackCOMRAM 00002E
___fldiv@bexp            cstackCOMRAM 000045
___fldiv@grs             cstackCOMRAM 000041
___fldiv@new_exp         cstackCOMRAM 00003F
___fldiv@rem             cstackCOMRAM 00003A
___fldiv@sign            cstackCOMRAM 00003E
___fleq                  text22       00330E
___fleq@ff1              cstackCOMRAM 000001
___fleq@ff2              cstackCOMRAM 000005
___flge                  text21       002D32
___flge@ff1              cstackCOMRAM 00002E
___flge@ff2              cstackCOMRAM 000032
___flmul                 text20       001DBE
___flmul@a               cstackCOMRAM 000019
___flmul@aexp            cstackCOMRAM 000026
___flmul@b               cstackCOMRAM 000015
___flmul@bexp            cstackCOMRAM 000027
___flmul@grs             cstackCOMRAM 000022
___flmul@prod            cstackCOMRAM 000028
___flmul@sign            cstackCOMRAM 000021
___flmul@temp            cstackCOMRAM 00002C
___flneg                 text19       003802
___flneg@f1              cstackCOMRAM 000001
___flsub                 text17       003740
___flsub@a               cstackCOMRAM 000032
___flsub@b               cstackCOMRAM 00002E
___fltol                 text16       002C2C
___fltol@exp1            cstackCOMRAM 00000A
___fltol@f1              cstackCOMRAM 000001
___fltol@sign1           cstackCOMRAM 000009
___fpclassifyf           text15       002E36
___fpclassifyf@F465      bssBANK0     0000D1
___fpclassifyf@e         cstackCOMRAM 000009
___fpclassifyf@u         cstackCOMRAM 00000B
___fpclassifyf@x         cstackCOMRAM 000001
___inthi_sp              stack        000000
___intlo_sp              stack        000000
___param_bank            (abs)        000000
___rparam_used           (abs)        000001
___sp                    stack        000000
___wmul                  text29       0038D8
___wmul@multiplicand     cstackCOMRAM 000003
___wmul@multiplier       cstackCOMRAM 000001
___wmul@product          cstackCOMRAM 000005
___xxtofl                text31       002794
___xxtofl@arg            cstackCOMRAM 00000B
___xxtofl@exp            cstackCOMRAM 00000A
___xxtofl@sign           cstackCOMRAM 000009
___xxtofl@val            cstackCOMRAM 000001
__accesstop              (abs)        000060
__activetblptr           (abs)        000002
__end_of_LCD_Caracter    text35       003740
__end_of_LCD_Comand      text37       003954
__end_of_LCD_Data        text38       003604
__end_of_LCD_Init        text36       003428
__end_of_LCD_String      text34       0038D8
__end_of_Set_Cursor      text33       0034EC
__end_of___awdiv         text25       00325E
__end_of___awmod         text24       00330E
__end_of___fladd         text18       001950
__end_of___fldiv         text23       002582
__end_of___fleq          text22       0033B8
__end_of___flge          text21       002E36
__end_of___flmul         text20       0021E8
__end_of___flneg         text19       00383A
__end_of___flsub         text17       003786
__end_of___fltol         text16       002D32
__end_of___fpclassifyf   text15       002F34
__end_of___wmul          text29       0038FE
__end_of___xxtofl        text31       002948
__end_of__initialization cinit        003916
__end_of_adc_init        text32       00393C
__end_of_analogic_read   text30       0036F8
__end_of_atoi            text26       002AD8
__end_of_efgtoa          text5        001490
__end_of_floorf          text14       002794
__end_of_fputc           text12       0030D4
__end_of_fputs           text11       0037CA
__end_of_isdigit         text28       003872
__end_of_isspace         text27       0036A8
__end_of_isupper         text7        003802
__end_of_main            text0        002C2C
__end_of_pad             text9        00319A
__end_of_putch           text13       003956
__end_of_sprintf         text1        003656
__end_of_strcpy          text8        0035A8
__end_of_strlen          text10       0038A8
__end_of_strncmp         text4        00300A
__end_of_tolower         text6        00354C
__end_of_vfpfcnvrt       text3        001DBE
__end_of_vfprintf        text2        00348A
__initialization         cinit        0038FE
__mediumconst            mediumconst  000000
__pbssBANK0              bssBANK0     0000CD
__pbssBANK1              bssBANK1     000100
__pcinit                 cinit        0038FE
__pcstackBANK0           cstackBANK0  000060
__pcstackCOMRAM          cstackCOMRAM 000001
__psmallconst            smallconst   000800
__ptext0                 text0        002AD8
__ptext1                 text1        003604
__ptext10                text10       003872
__ptext11                text11       003786
__ptext12                text12       00300A
__ptext13                text13       003954
__ptext14                text14       002582
__ptext15                text15       002E36
__ptext16                text16       002C2C
__ptext17                text17       003740
__ptext18                text18       001490
__ptext19                text19       003802
__ptext2                 text2        003428
__ptext20                text20       001DBE
__ptext21                text21       002D32
__ptext22                text22       00330E
__ptext23                text23       0021E8
__ptext24                text24       00325E
__ptext25                text25       00319A
__ptext26                text26       002948
__ptext27                text27       003656
__ptext28                text28       00383A
__ptext29                text29       0038D8
__ptext3                 text3        001950
__ptext30                text30       0036A8
__ptext31                text31       002794
__ptext32                text32       003920
__ptext33                text33       00348A
__ptext34                text34       0038A8
__ptext35                text35       0036F8
__ptext36                text36       0033B8
__ptext37                text37       00393C
__ptext38                text38       0035A8
__ptext4                 text4        002F34
__ptext5                 text5        000838
__ptext6                 text6        0034EC
__ptext7                 text7        0037CA
__ptext8                 text8        00354C
__ptext9                 text9        0030D4
__ramtop                 ramtop       000800
__size_of_LCD_Caracter   (abs)        000000
__size_of_LCD_Comand     (abs)        000000
__size_of_LCD_Data       (abs)        000000
__size_of_LCD_Init       (abs)        000000
__size_of_LCD_String     (abs)        000000
__size_of_Set_Cursor     (abs)        000000
__size_of___awdiv        (abs)        000000
__size_of___awmod        (abs)        000000
__size_of___fladd        (abs)        000000
__size_of___fldiv        (abs)        000000
__size_of___fleq         (abs)        000000
__size_of___flge         (abs)        000000
__size_of___flmul        (abs)        000000
__size_of___flneg        (abs)        000000
__size_of___flsub        (abs)        000000
__size_of___fltol        (abs)        000000
__size_of___fpclassifyf  (abs)        000000
__size_of___wmul         (abs)        000000
__size_of___xxtofl       (abs)        000000
__size_of_adc_init       (abs)        000000
__size_of_analogic_read  (abs)        000000
__size_of_atoi           (abs)        000000
__size_of_efgtoa         (abs)        000000
__size_of_floorf         (abs)        000000
__size_of_fputc          (abs)        000000
__size_of_fputs          (abs)        000000
__size_of_isdigit        (abs)        000000
__size_of_isspace        (abs)        000000
__size_of_isupper        (abs)        000000
__size_of_main           (abs)        000000
__size_of_pad            (abs)        000000
__size_of_putch          (abs)        000000
__size_of_sprintf        (abs)        000000
__size_of_strcpy         (abs)        000000
__size_of_strlen         (abs)        000000
__size_of_strncmp        (abs)        000000
__size_of_tolower        (abs)        000000
__size_of_vfpfcnvrt      (abs)        000000
__size_of_vfprintf       (abs)        000000
__smallconst             smallconst   000800
_adc_init                text32       003920
_analogic_read           text30       0036A8
_atoi                    text26       002948
_atoi$922                cstackCOMRAM 000010
_atoi$923                cstackCOMRAM 000014
_atoi$924                cstackCOMRAM 000012
_dbuf                    bssBANK1     000100
_efgtoa                  text5        000838
_efgtoa$858              cstackBANK0  000067
_efgtoa$859              cstackBANK0  000069
_efgtoa$864              cstackBANK0  00006B
_efgtoa$868              cstackBANK0  00006D
_efgtoa$869              cstackBANK0  00006F
_efgtoa$870              cstackBANK0  000071
_flags                   bssBANK0     0000E3
_floorf                  text14       002582
_fputc                   text12       00300A
_fputs                   text11       003786
_isdigit                 text28       00383A
_isspace                 text27       003656
_isspace$953             cstackCOMRAM 000007
_isupper                 text7        0037CA
_main                    text0        002AD8
_nout                    bssBANK0     0000DD
_pad                     text9        0030D4
_prec                    bssBANK0     0000E1
_putch                   text13       003954
_sprintf                 text1        003604
_str_voltaje             bssBANK0     0000E5
_str_voltaje2            bssBANK1     000150
_strcpy                  text8        00354C
_strlen                  text10       003872
_strncmp                 text4        002F34
_tolower                 text6        0034EC
_tolower$1017            cstackCOMRAM 00000D
_vfpfcnvrt               text3        001950
_vfpfcnvrt$884           cstackBANK0  0000A9
_vfpfcnvrt$888           cstackBANK0  0000AB
_vfprintf                text2        003428
_voltaje                 bssBANK0     0000D9
_voltaje2                bssBANK0     0000D5
_width                   bssBANK0     0000DF
analogic_read@channel    cstackCOMRAM 000014
atoi@n                   cstackCOMRAM 000015
atoi@neg                 cstackCOMRAM 00000E
atoi@s                   cstackCOMRAM 000008
efgtoa@c                 cstackBANK0  000066
efgtoa@d                 cstackBANK0  00007F
efgtoa@e                 cstackBANK0  000097
efgtoa@f                 cstackBANK0  000062
efgtoa@fp                cstackBANK0  000060
efgtoa@g                 cstackBANK0  000093
efgtoa@h                 cstackBANK0  000089
efgtoa@i                 cstackBANK0  000091
efgtoa@l                 cstackBANK0  00008D
efgtoa@m                 cstackBANK0  000079
efgtoa@mode              cstackBANK0  000088
efgtoa@n                 cstackBANK0  000099
efgtoa@ne                cstackBANK0  000077
efgtoa@nmode             cstackBANK0  000087
efgtoa@ou                cstackBANK0  00007B
efgtoa@p                 cstackBANK0  000083
efgtoa@pp                cstackBANK0  000075
efgtoa@sign              cstackBANK0  000081
efgtoa@t                 cstackBANK0  000073
efgtoa@u                 cstackBANK0  00009B
efgtoa@w                 cstackBANK0  000085
end_of_initialization    cinit        003916
floorf@F527              bssBANK0     0000CD
floorf@e                 cstackCOMRAM 000055
floorf@m                 cstackCOMRAM 000051
floorf@u                 cstackCOMRAM 000057
floorf@x                 cstackCOMRAM 000047
fputc@c                  cstackCOMRAM 000001
fputc@fp                 cstackCOMRAM 000003
fputs@c                  cstackCOMRAM 00000E
fputs@fp                 cstackCOMRAM 00000C
fputs@i                  cstackCOMRAM 00000F
fputs@s                  cstackCOMRAM 00000A
intlevel0                text         000000
intlevel1                text         000000
intlevel2                text         000000
intlevel3                text         000000
isa$std                  (abs)        000001
isa$xinst                (abs)        000000
isdigit@c                cstackCOMRAM 000001
isspace@c                cstackCOMRAM 000001
isupper@c                cstackCOMRAM 000001
pad@buf                  cstackCOMRAM 000013
pad@fp                   cstackCOMRAM 000011
pad@i                    cstackCOMRAM 000018
pad@p                    cstackCOMRAM 000015
pad@w                    cstackCOMRAM 00001A
sprintf@ap               cstackBANK0  0000C5
sprintf@f                cstackBANK0  0000C7
sprintf@fmt              cstackBANK0  0000BF
sprintf@s                cstackBANK0  0000BD
stackhi                  (abs)        0007FF
stacklo                  (abs)        000161
start                    init         000000
start_initialization     cinit        0038FE
strcpy@d                 cstackCOMRAM 000009
strcpy@dest              cstackCOMRAM 000001
strcpy@s                 cstackCOMRAM 000007
strcpy@src               cstackCOMRAM 000003
strlen@a                 cstackCOMRAM 000003
strlen@s                 cstackCOMRAM 000001
strncmp@_l               cstackCOMRAM 000001
strncmp@_r               cstackCOMRAM 000003
strncmp@l                cstackCOMRAM 000008
strncmp@n                cstackCOMRAM 000005
strncmp@r                cstackCOMRAM 00000A
tolower@c                cstackCOMRAM 000007
vfpfcnvrt@ap             cstackBANK0  0000A3
vfpfcnvrt@c              cstackBANK0  0000B4
vfpfcnvrt@ct             cstackBANK0  0000B1
vfpfcnvrt@f              cstackBANK0  0000AD
vfpfcnvrt@fmt            cstackBANK0  0000A1
vfpfcnvrt@fp             cstackBANK0  00009F
vfprintf@ap              cstackBANK0  0000B9
vfprintf@cfmt            cstackBANK0  0000BB
vfprintf@fmt             cstackBANK0  0000B7
vfprintf@fp              cstackBANK0  0000B5


MODULE INFORMATION

Module		Function		Class		Link	Load	Size
E:\MPLAB\pic\sources\c99\common\atoi.c
		_atoi          		CODE           	2948	0000	400

E:\MPLAB\pic\sources\c99\common\atoi.c estimated size: 400

E:\MPLAB\pic\sources\c99\common\fleq.c
		___fleq        		CODE           	330E	0000	170

E:\MPLAB\pic\sources\c99\common\fleq.c estimated size: 170

E:\MPLAB\pic\sources\c99\common\doprnt.c
		_vfpfcnvrt     		CODE           	1950	0000	1134
		_efgtoa        		CODE           	0838	0000	3160
		_pad           		CODE           	30D4	0000	198
		_vfprintf      		CODE           	3428	0000	98

E:\MPLAB\pic\sources\c99\common\doprnt.c estimated size: 4590

E:\MPLAB\pic\sources\c99\common\flneg.c
		___flneg       		CODE           	3802	0000	56

E:\MPLAB\pic\sources\c99\common\flneg.c estimated size: 56

E:\MPLAB\pic\sources\c99\common\isdigit.c
		_isdigit       		CODE           	383A	0000	56

E:\MPLAB\pic\sources\c99\common\isdigit.c estimated size: 56

E:\MPLAB\pic\sources\c99\common\sprcadd.c
		___flsub       		CODE           	3740	0000	70
		___fladd       		CODE           	1490	0000	1216

E:\MPLAB\pic\sources\c99\common\sprcadd.c estimated size: 1286

E:\MPLAB\pic\sources\c99\common\nf_sprintf.c
		_sprintf       		CODE           	3604	0000	82

E:\MPLAB\pic\sources\c99\common\nf_sprintf.c estimated size: 82

E:\MPLAB\pic\sources\c99\common\Umul16.c
		___wmul        		CODE           	38D8	0000	38

E:\MPLAB\pic\sources\c99\common\Umul16.c estimated size: 38

E:\MPLAB\pic\sources\c99\common\nf_fputs.c
		_fputs         		CODE           	3786	0000	68

E:\MPLAB\pic\sources\c99\common\nf_fputs.c estimated size: 68

E:\MPLAB\pic\sources\c99\common\putch.c
		_putch         		CODE           	3954	0000	2

E:\MPLAB\pic\sources\c99\common\putch.c estimated size: 2

E:\MPLAB\pic\sources\c99\common\__fpclassifyf.c
		___fpclassifyf 		CODE           	2E36	0000	254

E:\MPLAB\pic\sources\c99\common\__fpclassifyf.c estimated size: 254

lcd_pic.c
		_LCD_String    		CODE           	38A8	0000	48
		_LCD_Init      		CODE           	33B8	0000	112
		_LCD_Comand    		CODE           	393C	0000	24
		_LCD_Data      		CODE           	35A8	0000	92
		_Set_Cursor    		CODE           	348A	0000	98
		_LCD_Caracter  		CODE           	36F8	0000	72

lcd_pic.c estimated size: 446

E:\MPLAB\pic\sources\c99\common\flge.c
		___flge        		CODE           	2D32	0000	260

E:\MPLAB\pic\sources\c99\common\flge.c estimated size: 260

E:\MPLAB\pic\sources\c99\common\isupper.c
		_isupper       		CODE           	37CA	0000	56

E:\MPLAB\pic\sources\c99\common\isupper.c estimated size: 56

E:\MPLAB\pic\sources\c99\common\xxtofl.c
		___xxtofl      		CODE           	2794	0000	436

E:\MPLAB\pic\sources\c99\common\xxtofl.c estimated size: 436

E:\MPLAB\pic\sources\c99\common\awmod.c
		___awmod       		CODE           	325E	0000	176

E:\MPLAB\pic\sources\c99\common\awmod.c estimated size: 176

shared
		__initialization		CODE           	38FE	0000	24

shared estimated size: 24

E:\MPLAB\pic\sources\c99\common\strlen.c
		_strlen        		CODE           	3872	0000	54

E:\MPLAB\pic\sources\c99\common\strlen.c estimated size: 54

E:\MPLAB\pic\sources\c99\common\floorf.c
		_floorf        		CODE           	2582	0000	530

E:\MPLAB\pic\sources\c99\common\floorf.c estimated size: 530

E:\MPLAB\pic\sources\c99\common\strcpy.c
		_strcpy        		CODE           	354C	0000	92

E:\MPLAB\pic\sources\c99\common\strcpy.c estimated size: 92

E:\MPLAB\pic\sources\c99\common\nf_fputc.c
		_fputc         		CODE           	300A	0000	202

E:\MPLAB\pic\sources\c99\common\nf_fputc.c estimated size: 202

E:\MPLAB\pic\sources\c99\common\fltol.c
		___fltol       		CODE           	2C2C	0000	262

E:\MPLAB\pic\sources\c99\common\fltol.c estimated size: 262

E:\MPLAB\pic\sources\c99\common\sprcmul.c
		___flmul       		CODE           	1DBE	0000	1066

E:\MPLAB\pic\sources\c99\common\sprcmul.c estimated size: 1066

E:\MPLAB\pic\sources\c99\common\sprcdiv.c
		___fldiv       		CODE           	21E8	0000	922

E:\MPLAB\pic\sources\c99\common\sprcdiv.c estimated size: 922

E:\MPLAB\pic\sources\c99\common\isspace.c
		_isspace       		CODE           	3656	0000	82

E:\MPLAB\pic\sources\c99\common\isspace.c estimated size: 82

main.c
		_main          		CODE           	2AD8	0000	340
		_adc_init      		CODE           	3920	0000	28
		_analogic_read 		CODE           	36A8	0000	80

main.c estimated size: 448

E:\MPLAB\pic\sources\c99\common\awdiv.c
		___awdiv       		CODE           	319A	0000	196

E:\MPLAB\pic\sources\c99\common\awdiv.c estimated size: 196

E:\MPLAB\pic\sources\c99\common\strncmp.c
		_strncmp       		CODE           	2F34	0000	214

E:\MPLAB\pic\sources\c99\common\strncmp.c estimated size: 214

E:\MPLAB\pic\sources\c99\common\tolower.c
		_tolower       		CODE           	34EC	0000	96

E:\MPLAB\pic\sources\c99\common\tolower.c estimated size: 96

